  [38;2;160;167;184m▾[m [38;2;81;154;186m[m ]8;;https://github.com/eggzec/gh-tui/tree/HEAD/cmd\[1;38;2;216;220;230mcmd[m]8;;\                     
  [38;2;58;63;77m│ [m[38;2;160;167;184m▾[m [38;2;81;154;186m[m ]8;;https://github.com/eggzec/gh-tui/tree/HEAD/cmd/gh-tui\[1;38;2;216;220;230mgh-tui[m]8;;\                
[38;2;122;162;247m▌[m [38;2;58;63;77m│ │ [m  [38;2;0;173;216m[m ]8;;https://github.com/eggzec/gh-tui/blob/HEAD/cmd/gh-tui/main.go\[38;2;216;220;230mmain.go[m]8;;\         [38;2;107;114;133m2.0K[m
  [38;2;160;167;184m▸[m [38;2;81;154;186m[m ]8;;https://github.com/eggzec/gh-tui/tree/HEAD/internal\[1;38;2;216;220;230minternal[m]8;;\                
    [38;2;245;77;39m[m ]8;;https://github.com/eggzec/gh-tui/tree/HEAD/vendor-lib\[38;2;216;220;230mvendor-lib[m]8;;\              
    [38;2;245;77;39m[m ]8;;https://github.com/eggzec/gh-tui/blob/HEAD/.gitignore\[38;2;216;220;230m.gitignore[m]8;;\           [38;2;107;114;133m20B[m
    [38;2;8;63;161m[m ]8;;https://github.com/eggzec/gh-tui/blob/HEAD/AGENTS.md\[38;2;216;220;230mAGENTS.md[m]8;;\            [38;2;107;114;133m12K[m
    [38;2;160;167;184m[m ]8;;https://github.com/eggzec/gh-tui/blob/HEAD/CLAUDE.md\[38;2;216;220;230mCLAUDE.md[m]8;;\               
    [38;2;0;173;216m[m ]8;;https://github.com/eggzec/gh-tui/blob/HEAD/go.mod\[38;2;216;220;230mgo.mod[m]8;;\              [38;2;107;114;133m900B[m
    [38;2;8;63;161m[m ]8;;https://github.com/eggzec/gh-tui/blob/HEAD/README%20with%20spaces.md\[38;2;216;220;230mREADME with spaces…[m]8;;\ [38;2;107;114;133m2.9K[m