 [1;38;2;216;220;230mMona Lisa Octocat[m [38;2;160;167;184m@octocat[m[38;2;107;114;133m · [m[38;2;160;167;184mshe/her[m[38;2;107;114;133m · [m[38;2;216;220;230mBuilding tools for the terminal[m         
 [38;2;160;167;184m@github[m[38;2;107;114;133m · [m[38;2;160;167;184mSan Francisco[m[38;2;107;114;133m · [m[38;2;160;167;184moctocat.dev[m[38;2;107;114;133m · [m[38;2;216;220;230m1.2k[m[38;2;160;167;184m followers[m[38;2;107;114;133m · [m[38;2;216;220;230m56[m[38;2;160;167;184m following[m[38;2;107;114;133m · [m[38;2;122;162;247mfollow…[m[38;2;107;114;133m[m[38;2;122;162;247m[m
[38;2;122;162;247m╭─[m[1;38;2;122;162;247m[1] Pinned · some hidden[m  [38;2;107;114;133m2 Repositories[m  [38;2;107;114;133m3 README[m  [38;2;107;114;133m4 Contributions[m[38;2;122;162;247m ─────────╮[m
[38;2;122;162;247m│[m [38;2;160;167;184mGitHub hides the pinned repositories from this token.[m                        [38;2;122;162;247m│[m
[38;2;122;162;247m│[m                                                                              [38;2;122;162;247m│[m
[38;2;122;162;247m│[m                                                                              [38;2;122;162;247m│[m
[38;2;122;162;247m│[m                                                                              [38;2;122;162;247m│[m
[38;2;122;162;247m│[m                                                                              [38;2;122;162;247m│[m
[38;2;122;162;247m│[m                                                                              [38;2;122;162;247m│[m
[38;2;122;162;247m│[m                                                                              [38;2;122;162;247m│[m
[38;2;122;162;247m│[m                                                                              [38;2;122;162;247m│[m
[38;2;122;162;247m│[m                                                                              [38;2;122;162;247m│[m
[38;2;122;162;247m│[m                                                                              [38;2;122;162;247m│[m
[38;2;122;162;247m│[m                                                                              [38;2;122;162;247m│[m
[38;2;122;162;247m│[m                                                                              [38;2;122;162;247m│[m
[38;2;122;162;247m│[m                                                                              [38;2;122;162;247m│[m
[38;2;122;162;247m│[m                                                                              [38;2;122;162;247m│[m
[38;2;122;162;247m│[m                                                                              [38;2;122;162;247m│[m
[38;2;122;162;247m│[m                                                                              [38;2;122;162;247m│[m
[38;2;122;162;247m│[m                                                                              [38;2;122;162;247m│[m
[38;2;122;162;247m│[m                                                                              [38;2;122;162;247m│[m
[38;2;122;162;247m│[m                                                                              [38;2;122;162;247m│[m
[38;2;122;162;247m│[m                                                                              [38;2;122;162;247m│[m
[38;2;122;162;247m╰──────────────────────────────────────────────────────────────────────────────╯[m