 [38;2;239;125;125m Something went wrong[m[38;2;107;114;133m · r to retry[m                                                                                    
                                                                                                                        
[38;2;58;63;77m╭─[m[38;2;160;167;184m[1] Pinned[m[38;2;58;63;77m ──────────────────────────────────────────────────────────────────────────────────────────────────────────╮[m
[38;2;58;63;77m│[m [38;2;239;125;125m Something went wrong[m[38;2;107;114;133m · r to retry[m                                                                                  [38;2;58;63;77m│[m
[38;2;58;63;77m│[m                                                                                                                      [38;2;58;63;77m│[m
[38;2;58;63;77m│[m                                                                                                                      [38;2;58;63;77m│[m
[38;2;58;63;77m│[m                                                                                                                      [38;2;58;63;77m│[m
[38;2;58;63;77m╰──────────────────────────────────────────────────────────────────────────────────────────────────────────────────────╯[m
[38;2;122;162;247m╭─[m[1;38;2;122;162;247m[2] Repositories[m[38;2;122;162;247m ────────────────────────────────────────────────────────────────────────────────────────────────────╮[m
[38;2;122;162;247m│[m [1;38;2;122;162;247mRepositories[m                                                                                                         [38;2;122;162;247m│[m
[38;2;122;162;247m│[m [38;2;239;125;125m Something went wrong[m[38;2;107;114;133m · r to retry[m                                                                                  [38;2;122;162;247m│[m
[38;2;122;162;247m│[m                                                                                                                      [38;2;122;162;247m│[m
[38;2;122;162;247m│[m                                                                                                                      [38;2;122;162;247m│[m
[38;2;122;162;247m│[m                                                                                                                      [38;2;122;162;247m│[m
[38;2;122;162;247m│[m                                                                                                                      [38;2;122;162;247m│[m
[38;2;122;162;247m│[m                                                                                                                      [38;2;122;162;247m│[m
[38;2;122;162;247m│[m                                                                                                                      [38;2;122;162;247m│[m
[38;2;122;162;247m│[m                                                                                                                      [38;2;122;162;247m│[m
[38;2;122;162;247m│[m                                                                                                                      [38;2;122;162;247m│[m
[38;2;122;162;247m│[m                                                                                                                      [38;2;122;162;247m│[m
[38;2;122;162;247m│[m                                                                                                                      [38;2;122;162;247m│[m
[38;2;122;162;247m│[m                                                                                                                      [38;2;122;162;247m│[m
[38;2;122;162;247m│[m                                                                                                                      [38;2;122;162;247m│[m
[38;2;122;162;247m│[m                                                                                                                      [38;2;122;162;247m│[m
[38;2;122;162;247m│[m                                                                                                                      [38;2;122;162;247m│[m
[38;2;122;162;247m│[m                                                                                                                      [38;2;122;162;247m│[m
[38;2;122;162;247m│[m                                                                                                                      [38;2;122;162;247m│[m
[38;2;122;162;247m│[m                                                                                                                      [38;2;122;162;247m│[m
[38;2;122;162;247m│[m                                                                                                                      [38;2;122;162;247m│[m
[38;2;122;162;247m│[m                                                                                                                      [38;2;122;162;247m│[m
[38;2;122;162;247m│[m                                                                                                                      [38;2;122;162;247m│[m
[38;2;122;162;247m│[m                                                                                                                      [38;2;122;162;247m│[m
[38;2;122;162;247m│[m                                                                                                                      [38;2;122;162;247m│[m
[38;2;122;162;247m│[m                                                                                                                      [38;2;122;162;247m│[m
[38;2;122;162;247m│[m                                                                                                                      [38;2;122;162;247m│[m
[38;2;122;162;247m│[m                                                                                                                      [38;2;122;162;247m│[m
[38;2;122;162;247m│[m                                                                                                                      [38;2;122;162;247m│[m
[38;2;122;162;247m│[m                                                                                                                      [38;2;122;162;247m│[m
[38;2;122;162;247m│[m                                                                                                                      [38;2;122;162;247m│[m
[38;2;122;162;247m╰──────────────────────────────────────────────────────────────────────────────────────────────────────────────────────╯[m