 [38;2;160;167;184mLoading octocat…[m                                                               
                                                                                
[38;2;122;162;247m╭─[m[38;2;107;114;133m1 Pinned[m  [1;38;2;122;162;247m[2] Repositories[m  [38;2;107;114;133m3 README[m[38;2;122;162;247m ────────────────────────────────────────╮[m
[38;2;122;162;247m│[m [1;38;2;122;162;247mRepositories[m                                                                 [38;2;122;162;247m│[m
[38;2;122;162;247m│[m [38;2;160;167;184mLoading repositories…[m                                                        [38;2;122;162;247m│[m
[38;2;122;162;247m│[m                                                                              [38;2;122;162;247m│[m
[38;2;122;162;247m│[m                                                                              [38;2;122;162;247m│[m
[38;2;122;162;247m│[m                                                                              [38;2;122;162;247m│[m
[38;2;122;162;247m│[m                                                                              [38;2;122;162;247m│[m
[38;2;122;162;247m│[m                                                                              [38;2;122;162;247m│[m
[38;2;122;162;247m│[m                                                                              [38;2;122;162;247m│[m
[38;2;122;162;247m│[m                                                                              [38;2;122;162;247m│[m
[38;2;122;162;247m│[m                                                                              [38;2;122;162;247m│[m
[38;2;122;162;247m│[m                                                                              [38;2;122;162;247m│[m
[38;2;122;162;247m│[m                                                                              [38;2;122;162;247m│[m
[38;2;122;162;247m│[m                                                                              [38;2;122;162;247m│[m
[38;2;122;162;247m│[m                                                                              [38;2;122;162;247m│[m
[38;2;122;162;247m│[m                                                                              [38;2;122;162;247m│[m
[38;2;122;162;247m│[m                                                                              [38;2;122;162;247m│[m
[38;2;122;162;247m│[m                                                                              [38;2;122;162;247m│[m
[38;2;122;162;247m│[m                                                                              [38;2;122;162;247m│[m
[38;2;122;162;247m│[m                                                                              [38;2;122;162;247m│[m
[38;2;122;162;247m│[m                                                                              [38;2;122;162;247m│[m
[38;2;122;162;247m╰──────────────────────────────────────────────────────────────────────────────╯[m