[1;38;2;122;162;247mBranches[m                                                    
  [38;2;239;125;125m Can't reach GitHub[m[38;2;107;114;133m · r to retry[m                         
                                                            
                                                            
                                                            
                                                            
                                                            
                                                            
                                                            
                                                            
                                                            
                                                            
                                                            
                                                            
                                                            
                                                            
                                                            
                                                            