[38;2;84;91;110mBranches[m[38;2;138;144;160m › [m[38;2;84;91;110mmain[m[38;2;138;144;160m › [m[1;38;2;59;99;196m469565b[m                                   
[38;2;84;91;110mCommit    [m[38;2;84;91;110m469565b700cd79a5acce068362f9f2f27ddaa36a[m          
[38;2;84;91;110mAuthor    [m[38;2;31;35;48mKevin @kevin9327[m                                  
[38;2;84;91;110mCommitter [m[38;2;31;35;48mGitHub @web-flow[m                                  
[38;2;84;91;110mDate      [m[38;2;31;35;48m1d ago, committed 22h ago[m                         
[38;2;84;91;110mSignature [m[38;2;47;125;79m verified[m                                        
[38;2;84;91;110mParents   [m[38;2;84;91;110m5afee0d[m                                           
[38;2;84;91;110mTrailers  [m[38;2;84;91;110mCo-authored-by:[m [38;2;31;35;48mAyman Bagabas[m                     
[38;2;84;91;110m          [m[38;2;84;91;110mSigned-off-by:[m [38;2;31;35;48mKevin[m                              
                                                            
[38;2;31;35;48mSequence ran its commands at once, so their messages could[m  
[38;2;31;35;48marrive out of order. Now each waits for the last.[m           
[38;2;192;57;43m You don't have access to charmbracelet/bubbletea@469565b[m  
  [38;2;138;144;160mo to open on GitHub[m                                       
                                                            
                                                            
                                                            
                                                            