[1;38;2;216;220;230m#231 Cache GraphQL reads on disk[m                            
[38;2;107;114;133m------------------------------------------------------------[m
  [38;2;160;167;184m-[m [1;38;2;216;220;230mCloses (2)[m                                              
[38;2;122;162;247m>[m [38;2;58;63;77m  [m  [38;2;63;185;80mo[m ]8;;https://github.com/octo/gh-tui/issues/198\[38;2;216;220;230m#198 Token refresh fails on G...[m]8;;\ [38;2;107;114;133mopen - closes, body[m
  [38;2;58;63;77m  [m  [38;2;163;113;247mx[m ]8;;https://github.com/octo/gh-tui/issues/204\[38;2;216;220;230m#204 Crash when the token lacks read:org[m]8;;\            
  [38;2;160;167;184m-[m [1;38;2;216;220;230mWritten here (5)[m                                        
  [38;2;58;63;77m  [m  [38;2;163;113;247mM[m ]8;;https://github.com/octo/gh-tui/pull/187\[38;2;216;220;230m#187 Keep GraphQL entries on the shelf[m]8;;\              
  [38;2;58;63;77m  [m  [38;2;63;185;80mO[m ]8;;https://github.com/cli/go-gh/pull/412\[38;2;216;220;230mcli/go-gh#412 Expose the ho...[m]8;;\ [38;2;107;114;133mopen - comment by bob[m
  [38;2;58;63;77m  [m  [38;2;145;152;161mD[m ]8;;https://github.com/octo/gh-tui/pull/233\[38;2;216;220;230m#233 Page the timeline[m]8;;\                              
  [38;2;58;63;77m  [m  [38;2;145;152;161m-[m ]8;;https://github.com/octo/gh-tui/issues/12\[38;2;216;220;230m#12 Login loops on GHES[m]8;;\                             
  [38;2;58;63;77m  [m  [38;2;160;167;184m?[m [38;2;216;220;230mocto/secret#9 can't be read: not...[m [38;2;107;114;133mcomment by carol[m
  [38;2;160;167;184m+[m [1;38;2;216;220;230mMentioned in (47)[m                                       
                                                            
                                                            
                                                            
                                                            
                                                            
                                                            