[1;38;2;216;220;230m#231 Cache GraphQL reads on disk[m                                                            
[38;2;107;114;133m--------------------------------------------------------------------------------------------[m
[38;2;160;167;184mNothing links to octo/gh-tui#231, and it links to nothing.[m                                  
[38;2;160;167;184mLinks are #12, owner/repo#12, or a link to an issue or pull request.[m                        
                                                                                            
                                                                                            
                                                                                            
                                                                                            
                                                                                            
                                                                                            
                                                                                            
                                                                                            
                                                                                            
                                                                                            
                                                                                            
                                                                                            
                                                                                            
                                                                                            
                                                                                            
                                                                                            
                                                                                            
                                                                                            
                                                                                            
                                                                                            
                                                                                            
                                                                                            
                                                                                            
                                                                                            
                                                                                            
                                                                                            