[1;38;2;216;220;230m#231 Cache GraphQL reads on disk[m                                                            
[38;2;107;114;133m--------------------------------------------------------------------------------------------[m
[38;2;239;125;125mx Rate limited until 12:05[m[38;2;107;114;133m - loads again then[m                                               
                                                                                            
                                                                                            
                                                                                            
                                                                                            
                                                                                            
                                                                                            
                                                                                            
                                                                                            
                                                                                            
                                                                                            
                                                                                            
                                                                                            
                                                                                            
                                                                                            
                                                                                            
                                                                                            
                                                                                            
                                                                                            
                                                                                            
                                                                                            
                                                                                            
                                                                                            
                                                                                            
                                                                                            
                                                                                            
                                                                                            
                                                                                            