[1;38;2;216;220;230m#231 Cache GraphQL reads on disk[m                            
[38;2;107;114;133m------------------------------------------------------------[m
  [38;2;160;167;184m-[m [1;38;2;216;220;230mCloses (2 of 2)[m                                         
[38;2;122;162;247m>[m [38;2;58;63;77m  [m  [38;2;63;185;80mo[m ]8;;https://github.com/octo/gh-tui/issues/198\[38;2;216;220;230m#198 Token refresh fails on G...[m]8;;\ [38;2;107;114;133mopen - closes, body[m
  [38;2;58;63;77m  [m  [38;2;163;113;247mx[m ]8;;https://github.com/octo/gh-tui/issues/204\[38;2;216;220;230m#204 Crash when the token lacks read:org[m]8;;\            
  [38;2;160;167;184m-[m [1;38;2;216;220;230mMentioned in (3 of the first 4 of 47)[m                   
  [38;2;58;63;77m  [m  [38;2;63;185;80mO[m ]8;;https://github.com/octo/gh-tui/pull/240\[38;2;216;220;230m#240 Refresh the token ...[m]8;;\ [38;2;107;114;133mopen - mentioned by alice[m
  [38;2;58;63;77m  [m  [38;2;163;113;247mx[m ]8;;https://github.com/acme/infra/issues/77\[38;2;216;220;230macme/infra#77 GHES token rotation[m]8;;\                   
  [38;2;58;63;77m  [m  [38;2;63;185;80mo[m ]8;;https://github.com/acme/infra/issues/80\[38;2;216;220;230macme/infra#80 Rotate the bot token weekly[m]8;;\           
                                                            
                                                            
                                                            
                                                            
                                                            
                                                            
                                                            
                                                            
[1;38;2;122;162;247m&[m[38;2;216;220;230mtok[m[7;38;2;122;162;247m [m[38;2;216;220;230m                                                       [m