[1;38;2;216;220;230m#231 Cache GraphQL reads on disk[m                                                            
[38;2;107;114;133m--------------------------------------------------------------------------------------------[m
  [38;2;160;167;184mNo link matches the filter.[m                                                               
                                                                                            
                                                                                            
                                                                                            
                                                                                            
                                                                                            
                                                                                            
                                                                                            
                                                                                            
                                                                                            
                                                                                            
                                                                                            
                                                                                            
                                                                                            
                                                                                            
                                                                                            
                                                                                            
                                                                                            
                                                                                            
                                                                                            
                                                                                            
                                                                                            
                                                                                            
                                                                                            
                                                                                            
                                                                                            
                                                                                            
[1;38;2;122;162;247m&[m[38;2;216;220;230mzzz[m[7;38;2;122;162;247m [m[38;2;216;220;230m                                                                                       [m