[38;2;160;167;184mChecks[m[38;2;107;114;133m › [m[38;2;160;167;184mCI[m[38;2;107;114;133m › [m[1;38;2;122;162;247mtest (ubuntu-latest)[m                                                                                                                  
[1;38;2;216;220;230mAnnotations[m [38;2;107;114;133m2[m                                                                                                                          [38;2;107;114;133mA to pick one[m
  [38;2;248;81;73m✗[m [38;2;122;162;247mtea_test.go:54[m [38;2;216;220;230mwant a frame, got none[m                                                                                                           
  [38;2;248;81;73m✗[m [38;2;216;220;230mProcess completed with exit code 1.[m                                                                                                             
     [38;2;160;167;184m▸ [m[1;38;2;216;220;230mSet up job[m                                                                                                                              [38;2;107;114;133m1m 0s[m
   [38;2;239;125;125m✗[m [38;2;160;167;184m▾ [m[1;38;2;239;125;125mRun go test ./...[m                                                                                                                       [38;2;107;114;133m1m 0s[m
 [38;2;107;114;133m2[m     [38;2;216;220;230mgo test ./...[m                                                                                                                                
 [38;2;107;114;133m3[m     [38;2;216;220;230m--- FAIL: TestProgram (0.31s)[m                                                                                                                
 [38;2;107;114;133m4[m     [38;2;216;220;230m    tea_test.go:54: want a frame, got none[m                                                                                                   
[38;2;122;162;247m▌[m[38;2;107;114;133m5[m [38;2;239;125;125m✗[m   [38;2;239;125;125mProcess completed with exit code 1.[m                                                                                                          
                                                                                                                                                    
                                                                                                                                                    
                                                                                                                                                    
                                                                                                                                                    
                                                                                                                                                    
                                                                                                                                                    
                                                                                                                                                    
                                                                                                                                                    
                                                                                                                                                    
                                                                                                                                                    
                                                                                                                                                    
                                                                                                                                                    
                                                                                                                                                    
                                                                                                                                                    
                                                                                                                                                    
                                                                                                                                                    
                                                                                                                                                    
                                                                                                                                                    
                                                                                                                                                    
                                                                                                                                                    
                                                                                                                                                    
                                                                                                                                                    
                                                                                                                                                    
                                                                                                                                                    
                                                                                                                                                    
                                                                                                                                                    
                                                                                                                                                    
[1;38;2;216;220;230m[m                                                                                                                            [38;2;160;167;184merror 1/1[m  [38;2;160;167;184mrow 6/6  100%[m