[38;2;160;167;184mChecks[m[38;2;107;114;133m › [m[38;2;160;167;184mOther checks[m[38;2;107;114;133m › [m[1;38;2;122;162;247mcodecov/patch[m                                                                                                               
[38;2;248;81;73m✗[m [1;38;2;216;220;230mcodecov/patch[m                                                                                                                                [38;2;107;114;133m1m 0s[m
  [1m62.50% of diff hit (target 80.00%)[m                                                                                                                
                                                                                                                                                    
  [1m3[m lines in [38;5;203;48;5;236m tea.go [m are not covered.                                                                                                              
                                                                                                                                                    
   File                                                                   │ Coverage                                                                
  ────────────────────────────────────────────────────────────────────────┼───────────────────────────────────────────────────────────────────────  
   tea.go                                                                 │ 62.5%                                                                   
                                                                                                                                                    
                                                                                                                                                    
                                                                                                                                                    
                                                                                                                                                    
                                                                                                                                                    
                                                                                                                                                    
                                                                                                                                                    
                                                                                                                                                    
                                                                                                                                                    
                                                                                                                                                    
                                                                                                                                                    
                                                                                                                                                    
                                                                                                                                                    
                                                                                                                                                    
                                                                                                                                                    
                                                                                                                                                    
                                                                                                                                                    
                                                                                                                                                    
                                                                                                                                                    
                                                                                                                                                    
                                                                                                                                                    
                                                                                                                                                    
                                                                                                                                                    
                                                                                                                                                    
                                                                                                                                                    
                                                                                                                                                    
                                                                                                                                                    
                                                                                                                                                    
                                                                                                                                                    