[1;38;2;122;162;247mChecks[m                                                                                                          [38;2;248;81;73m✗[m [38;2;216;220;230m2 failing[m[38;2;107;114;133m, [m[38;2;210;153;34m◐[m [38;2;216;220;230m2 pending[m[38;2;107;114;133m, [m[38;2;63;185;80m✓[m [38;2;216;220;230m2 passed[m
[1;38;2;160;167;184mCI[m                                                                                                                                                  
[38;2;122;162;247m▌[m [38;2;248;81;73m✗[m [1;38;2;216;220;230mtest (ubuntu-latest)[m [38;2;229;192;123mrequired[m                                                                                                              [38;2;107;114;133m3m 2s[m
  [38;2;63;185;80m✓[m [38;2;216;220;230mlint[m                                                                                                                                         [38;2;107;114;133m41s[m
[1;38;2;160;167;184mOther checks[m                                                                                                                                        
  [38;2;248;81;73m✗[m [38;2;216;220;230mcodecov/patch[m                                                                                                                              [38;2;107;114;133m1m 0s[m
[1;38;2;160;167;184mBuild[m                                                                                                                                               
  [38;2;210;153;34m◐[m [38;2;216;220;230mbuild[m                                                                                                                                     [38;2;210;153;34m1m 30s[m
[1;38;2;160;167;184mStatuses[m                                                                                                                                            
  [38;2;210;153;34m○[m [38;2;216;220;230mnetlify/deploy[m [38;2;229;192;123mrequired[m  [38;2;107;114;133mDeploying the preview[m                                                                                                  
  [38;2;63;185;80m✓[m [38;2;216;220;230mci/circleci[m  [38;2;107;114;133mYour tests passed[m                                                                                                                  
                                                                                                                                                    
                                                                                                                                                    
                                                                                                                                                    
                                                                                                                                                    
                                                                                                                                                    
                                                                                                                                                    
                                                                                                                                                    
                                                                                                                                                    
                                                                                                                                                    
                                                                                                                                                    
                                                                                                                                                    
                                                                                                                                                    
                                                                                                                                                    
                                                                                                                                                    
                                                                                                                                                    
                                                                                                                                                    
                                                                                                                                                    
                                                                                                                                                    
                                                                                                                                                    
                                                                                                                                                    
                                                                                                                                                    
                                                                                                                                                    
                                                                                                                                                    
                                                                                                                                                    
                                                                                                                                                    
                                                                                                                                                    
                                                                                                                                                    