  [38;2;216;220;230mUnread[m[38;2;107;114;133m  f filter[m                                                              
  [38;2;160;167;184mThis needs a classic token, not a fine-grained one[m[38;2;107;114;133m · :auth to see how[m         
                                                                                
                                                                                
                                                                                
                                                                                