 [38;2;239;125;125m✗ Something went wrong. Details are in the log[m                                 
 [38;2;239;125;125m  (~/.local/state/gh-tui/gh-tui.log)[m[38;2;107;114;133m · r to retry[m                              
[38;2;122;162;247m╭─[m[38;2;107;114;133m1 Pinned[m  [38;2;107;114;133m2 Repos[m  [1;38;2;122;162;247m[3] Waiting on you[m  [38;2;107;114;133m4 Calendar[m  [38;2;107;114;133m5 Inbox[m[38;2;122;162;247m ──────────────────╮[m
[38;2;122;162;247m│[m [38;2;239;125;125m✗ Something went wrong. Details are in the log[m                               [38;2;122;162;247m│[m
[38;2;122;162;247m│[m [38;2;239;125;125m  (~/.local/state/gh-tui/gh-tui.log)[m[38;2;107;114;133m · r to retry[m                            [38;2;122;162;247m│[m
[38;2;122;162;247m│[m                                                                              [38;2;122;162;247m│[m
[38;2;122;162;247m│[m                                                                              [38;2;122;162;247m│[m
[38;2;122;162;247m│[m                                                                              [38;2;122;162;247m│[m
[38;2;122;162;247m│[m                                                                              [38;2;122;162;247m│[m
[38;2;122;162;247m│[m                                                                              [38;2;122;162;247m│[m
[38;2;122;162;247m│[m                                                                              [38;2;122;162;247m│[m
[38;2;122;162;247m│[m                                                                              [38;2;122;162;247m│[m
[38;2;122;162;247m│[m                                                                              [38;2;122;162;247m│[m
[38;2;122;162;247m│[m                                                                              [38;2;122;162;247m│[m
[38;2;122;162;247m│[m                                                                              [38;2;122;162;247m│[m
[38;2;122;162;247m│[m                                                                              [38;2;122;162;247m│[m
[38;2;122;162;247m│[m                                                                              [38;2;122;162;247m│[m
[38;2;122;162;247m│[m                                                                              [38;2;122;162;247m│[m
[38;2;122;162;247m│[m                                                                              [38;2;122;162;247m│[m
[38;2;122;162;247m│[m                                                                              [38;2;122;162;247m│[m
[38;2;122;162;247m│[m                                                                              [38;2;122;162;247m│[m
[38;2;122;162;247m│[m                                                                              [38;2;122;162;247m│[m
[38;2;122;162;247m│[m                                                                              [38;2;122;162;247m│[m
[38;2;122;162;247m╰──────────────────────────────────────────────────────────────────────────────╯[m