 [38;2;160;167;184mLoading your profile…[m                                                                                                                      
                                                                                                                                            
[38;2;58;63;77m╭─[m[38;2;160;167;184m[1] Pinned[m[38;2;58;63;77m ──────────────────────────────────────────────────────────────────────────────────────────────────────────────────────────────╮[m
[38;2;58;63;77m│[m [38;2;160;167;184mLoading pinned repositories…[m                                                                                                             [38;2;58;63;77m│[m
[38;2;58;63;77m│[m                                                                                                                                          [38;2;58;63;77m│[m
[38;2;58;63;77m│[m                                                                                                                                          [38;2;58;63;77m│[m
[38;2;58;63;77m│[m                                                                                                                                          [38;2;58;63;77m│[m
[38;2;58;63;77m╰──────────────────────────────────────────────────────────────────────────────────────────────────────────────────────────────────────────╯[m
[38;2;122;162;247m╭─[m[1;38;2;122;162;247m[2] Repositories[m[38;2;122;162;247m ─────────────────────────────────────────────────────────╮[m[38;2;58;63;77m╭─[m[38;2;160;167;184m[3] Waiting on you[m[38;2;58;63;77m ─────────────────────────────────────────╮[m
[38;2;122;162;247m│[m [1;38;2;122;162;247mYours[m                                                                     [38;2;122;162;247m│[m[38;2;58;63;77m│[m [38;2;160;167;184mLoading the work waiting on you…[m                            [38;2;58;63;77m│[m
[38;2;122;162;247m│[m                                                                           [38;2;122;162;247m│[m[38;2;58;63;77m│[m                                                             [38;2;58;63;77m│[m
[38;2;122;162;247m│[m  [38;2;122;162;247m⣾ [m[38;2;160;167;184mLoading…[m                                                               [38;2;122;162;247m│[m[38;2;58;63;77m│[m                                                             [38;2;58;63;77m│[m
[38;2;122;162;247m│[m                                                                           [38;2;122;162;247m│[m[38;2;58;63;77m│[m                                                             [38;2;58;63;77m│[m
[38;2;122;162;247m│[m                                                                           [38;2;122;162;247m│[m[38;2;58;63;77m│[m                                                             [38;2;58;63;77m│[m
[38;2;122;162;247m│[m                                                                           [38;2;122;162;247m│[m[38;2;58;63;77m│[m                                                             [38;2;58;63;77m│[m
[38;2;122;162;247m│[m                                                                           [38;2;122;162;247m│[m[38;2;58;63;77m│[m                                                             [38;2;58;63;77m│[m
[38;2;122;162;247m│[m                                                                           [38;2;122;162;247m│[m[38;2;58;63;77m│[m                                                             [38;2;58;63;77m│[m
[38;2;122;162;247m│[m                                                                           [38;2;122;162;247m│[m[38;2;58;63;77m│[m                                                             [38;2;58;63;77m│[m
[38;2;122;162;247m│[m                                                                           [38;2;122;162;247m│[m[38;2;58;63;77m╰─────────────────────────────────────────────────────────────╯[m
[38;2;122;162;247m│[m                                                                           [38;2;122;162;247m│[m[38;2;58;63;77m╭─[m[38;2;160;167;184m[4] Notifications[m[38;2;58;63;77m ──────────────────────────────────────────╮[m
[38;2;122;162;247m│[m                                                                           [38;2;122;162;247m│[m[38;2;58;63;77m│[m [38;2;160;167;184mNotifications aren't available.[m                             [38;2;58;63;77m│[m
[38;2;122;162;247m│[m                                                                           [38;2;122;162;247m│[m[38;2;58;63;77m│[m                                                             [38;2;58;63;77m│[m
[38;2;122;162;247m│[m                                                                           [38;2;122;162;247m│[m[38;2;58;63;77m│[m                                                             [38;2;58;63;77m│[m
[38;2;122;162;247m│[m                                                                           [38;2;122;162;247m│[m[38;2;58;63;77m│[m                                                             [38;2;58;63;77m│[m
[38;2;122;162;247m│[m                                                                           [38;2;122;162;247m│[m[38;2;58;63;77m│[m                                                             [38;2;58;63;77m│[m
[38;2;122;162;247m╰───────────────────────────────────────────────────────────────────────────╯[m[38;2;58;63;77m╰─────────────────────────────────────────────────────────────╯[m
[38;2;58;63;77m╭─[m[38;2;160;167;184m[5] Contributions[m[38;2;58;63;77m ───────────────────────────────────────────────────────────────────────────────────────────────────────────────────────╮[m
[38;2;58;63;77m│[m              [38;2;160;167;184mLoading contributions…[m                                                                                                      [38;2;58;63;77m│[m
[38;2;58;63;77m│[m                                                                                                                                          [38;2;58;63;77m│[m
[38;2;58;63;77m│[m                                                                                                                                          [38;2;58;63;77m│[m
[38;2;58;63;77m│[m                                                                                                                                          [38;2;58;63;77m│[m
[38;2;58;63;77m│[m                                                                                                                                          [38;2;58;63;77m│[m
[38;2;58;63;77m│[m                                                                                                                                          [38;2;58;63;77m│[m
[38;2;58;63;77m│[m                                                                                                                                          [38;2;58;63;77m│[m
[38;2;58;63;77m│[m                                                                                                                                          [38;2;58;63;77m│[m
[38;2;58;63;77m│[m                                                                                                                                          [38;2;58;63;77m│[m
[38;2;58;63;77m│[m                                                                                                                                          [38;2;58;63;77m│[m
[38;2;58;63;77m╰──────────────────────────────────────────────────────────────────────────────────────────────────────────────────────────────────────────╯[m