[38;2;107;114;133m3[m [38;2;200;206;219m[31m    view_test.go:42: got [1mred[22m, want 你好[m         
                                                  
                                                  
                                                  
[1;38;2;200;206;219mtest.log[m               [38;2;160;167;184mfiltered 1/4[m  [38;2;160;167;184mline 3/4  75%[m