[38;2;107;114;133m1[m [38;2;255;123;114mpackage[m[38;2;110;118;129m [m[38;2;200;206;219mmain[m                                                                  
[38;2;107;114;133m2[m                                                                               
[38;2;107;114;133m5[m [38;2;255;123;114mfunc[m[38;2;110;118;129m [m[1;38;2;210;168;255mmain[m[38;2;200;206;219m()[m[38;2;110;118;129m [m[38;2;200;206;219m{[m                                                                 
[38;2;107;114;133m6[m                                                                               
[38;2;107;114;133m8[m [38;2;200;206;219m}[m                                                                             
                                                                                
                                                                                
[38;2;160;167;184mSqueeze blank lines[m                                               [38;2;160;167;184mline 1/8  100%[m