[38;2;122;162;247m▌[m [1;38;2;200;206;219mLanguage[m  [1;38;2;122;162;247m‹ Any ›[m                                                             
  [38;2;160;167;184mOwner   [m  [38;2;107;114;133m[m[38;2;58;64;80m╭[m[38;2;58;64;80m─[m [38;2;160;167;184mLanguage[m [38;2;58;64;80m───────────[m[38;2;58;64;80m╮[m[38;2;160;167;184m[m[38;2;107;114;133m[m                                            
            [38;2;58;64;80m│[m[38;2;122;162;247m› [m[38;2;200;206;219mpy[m[7;38;2;122;162;247m [m[38;2;200;206;219m                 [m[38;2;58;64;80m│[m                                            
            [38;2;58;64;80m│[m              [38;2;107;114;133m1 result[m[38;2;58;64;80m│[m                                            
            [38;2;58;64;80m│[m[38;2;122;162;247m▌[m [1;38;2;200;206;219m○ [m[1;38;2;122;162;247mPy[m[1;38;2;200;206;219mthon[m            [38;2;58;64;80m│[m                                            
            [38;2;58;64;80m│[m                      [38;2;58;64;80m│[m                                            
            [38;2;58;64;80m│[m                      [38;2;58;64;80m│[m                                            
            [38;2;58;64;80m│[m                      [38;2;58;64;80m│[m                                            
            [38;2;58;64;80m│[m                      [38;2;58;64;80m│[m                                            
            [38;2;58;64;80m│[m                      [38;2;58;64;80m│[m                                            
            [38;2;58;64;80m│[m                      [38;2;58;64;80m│[m                                            
            [38;2;58;64;80m│[m                      [38;2;58;64;80m│[m                                            
            [38;2;58;64;80m╰[m[38;2;58;64;80m──────────────────────[m[38;2;58;64;80m╯[m                                            
[38;2;58;64;80m────────────────────────────────────────────────────────────────────────────────[m
  [38;2;107;114;133mType a query, or choose above[m                                                 
[1;38;2;122;162;247mINSERT[m[38;2;60;60;60m · [m[38;2;98;98;98m↑/↓[m [38;2;74;74;74mmove[m[38;2;60;60;60m · [m[38;2;98;98;98m↵[m [38;2;74;74;74mchoose[m[38;2;60;60;60m · [m[38;2;98;98;98mesc[m [38;2;74;74;74mdone[m                                         