[38;2;122;162;247m▌[m [1;38;2;200;206;219mSort by[m  [1;38;2;122;162;247m‹ Updated ›[m                                                          
  [38;2;160;167;184mOrder  [m  [38;2;200;206;219m↓ Newest first[m                                                       
                                                                                
                                                                                
                                                                                
                                                                                
[38;2;58;64;80m────────────────────────────────────────────────────────────────────────────────[m
  [38;2;200;206;219mis:open author:@me review-requested:@me label:bug,enhancement base:main[m       
  [38;2;200;206;219msort:updated-desc[m                                                             
[38;2;98;98;98mj/k[m [38;2;74;74;74mfield[m[38;2;60;60;60m · [m[38;2;98;98;98mh/l[m [38;2;74;74;74mchange[m[38;2;60;60;60m · [m[38;2;98;98;98mspace[m [38;2;74;74;74mlist[m[38;2;60;60;60m · [m[38;2;98;98;98m↵[m [38;2;74;74;74mapply[m[38;2;60;60;60m · [m[38;2;98;98;98mesc[m [38;2;74;74;74mclose[m[38;2;60;60;60m · [m[38;2;98;98;98m][m [38;2;74;74;74mfilters[m           