[38;2;160;167;184mRuns[m[38;2;107;114;133m › [m[1;38;2;122;162;247mCI #4812[m                                             
  [38;2;63;185;80m✓[m [38;2;216;220;230mlint[m                                                 [38;2;107;114;133m41s[m
[38;2;122;162;247m▌[m [38;2;248;81;73m✗[m [1;38;2;216;220;230mtest (ubuntu-latest, 1.26)[m                         [38;2;107;114;133m3m 2s[m
  [38;2;63;185;80m✓[m [38;2;216;220;230mtest (macos-latest, 1.26)[m                         [38;2;107;114;133m2m 55s[m
  [38;2;145;152;161m⊖[m [38;2;216;220;230mbuild[m                                            [38;2;107;114;133mskipped[m
                                                            
                                                            
                                                            
                                                            
                                                            
                                                            
                                                            
                                                            
                                                            
                                                            
                                                            
                                                            
                                                            