[1;38;2;122;162;247mFilter · Runs[m                                               
[38;2;122;162;247m▌[m [1;38;2;216;220;230mWorkflow[m  [1;38;2;122;162;247m‹ Any ›[m                                         
  [38;2;160;167;184mBranch  [m  [38;2;107;114;133many branch[m                                      
  [38;2;160;167;184mEvent   [m  [38;2;216;220;230mAny[m                                             
  [38;2;160;167;184mStatus  [m  [38;2;216;220;230mAny[m                                             
  [38;2;160;167;184mActor   [m  [38;2;107;114;133manyone[m [38;2;107;114;133m▾[m                                        
                                                            
                                                            
                                                            
                                                            
                                                            
                                                            
                                                            
                                                            
                                                            
[38;2;58;63;77m────────────────────────────────────────────────────────────[m
  [38;2;107;114;133mType a query, or choose above[m                             
[38;2;160;167;184mj/k[m [38;2;107;114;133mfield[m[38;2;58;63;77m · [m[38;2;160;167;184mh/l[m [38;2;107;114;133mchange[m[38;2;58;63;77m · [m[38;2;160;167;184mdelete[m [38;2;107;114;133mclear[m[38;2;58;63;77m · [m[38;2;160;167;184m↵[m [38;2;107;114;133mapply[m[38;2;58;63;77m · [m[38;2;160;167;184mesc[m [38;2;107;114;133mclose[m 