[38;2;160;167;184mRuns[m[38;2;107;114;133m › [m[38;2;160;167;184mCI #4812[m[38;2;107;114;133m › [m[1;38;2;122;162;247mtest (ubuntu-latest, 1.26)[m                
      [38;2;160;167;184m▸ [m[1;38;2;216;220;230mSet up job[m                                        [38;2;107;114;133m2s[m
    [38;2;239;125;125m✗[m [38;2;160;167;184m▾ [m[1;38;2;239;125;125mRun go test -race ./...[m                       [38;2;107;114;133m2m 48s[m
  [38;2;107;114;133m5[m     [38;2;160;167;184m▸ [m[38;2;216;220;230mRun go test -race ./...[m                           
  [38;2;107;114;133m8[m     [38;2;216;220;230mok      charm.land/bubbletea/v2/internal        1.2s[m
  [38;2;107;114;133m9[m     [38;2;216;220;230m--- FAIL: TestProgram (0.31s)[m                       
 [38;2;107;114;133m10[m     [38;2;216;220;230m    teatest_test.go:54: want a frame, got none[m      
 [38;2;107;114;133m11[m     [38;2;216;220;230mFAIL    charm.land/bubbletea/v2 2.1s[m                
[38;2;122;162;247m▌[m[38;2;107;114;133m12[m [38;2;239;125;125m✗[m   [38;2;239;125;125mProcess completed with exit code 1.[m                 
      [38;2;160;167;184m▸ [m[1;38;2;216;220;230mComplete job[m                                      [38;2;107;114;133m1s[m
                                                            
                                                            
                                                            
                                                            
                                                            
                                                            
                                                            
[1;38;2;216;220;230m[m                                 [38;2;160;167;184merror 1/1[m  [38;2;160;167;184mline 12/13  100%[m