[38;2;160;167;184mRuns[m[38;2;107;114;133m › [m[38;2;160;167;184mlint #4810[m[38;2;107;114;133m › [m[1;38;2;122;162;247mlint[m                                    
[38;2;160;167;184mThe log is available when the job finishes.[m                 
                                                            
[38;2;63;185;80m✓[m [38;2;216;220;230mSet up job[m                                              [38;2;107;114;133m2s[m
[38;2;210;153;34m◐[m [38;2;216;220;230mRun golangci-lint[m                                   [38;2;210;153;34m1m 18s[m
[38;2;210;153;34m○[m [38;2;216;220;230mPost Run actions/checkout@v4[m                        [38;2;160;167;184mqueued[m
                                                            
                                                            
                                                            
                                                            
                                                            
                                                            
                                                            
                                                            
                                                            
                                                            
                                                            
                                                            