[1;38;2;122;162;247mBranches[m                                                    
  [38;2;122;162;247mmain[m                                                     [38;2;122;162;247m●[m
[38;2;122;162;247m▌[m [38;2;216;220;230mfix/tabs[m                                              [38;2;107;114;133m↑2↓5[m
  [38;2;216;220;230mv2-exp[m                                                    
                                                            
                                                            
                                                            
                                                            
                                                            
                                                            
                                                            
                                                            
                                                            
                                                            
                                                            
                                                            
                                                            
                                                            