[38;2;160;167;184mBranches[m[38;2;107;114;133m › [m[38;2;160;167;184mmain[m[38;2;107;114;133m › [m[38;2;160;167;184m469565b[m[38;2;107;114;133m › [m[1;38;2;122;162;247mcommands.go[m                     
[38;2;121;192;255m@@ -120,6 +120,12 @@ func Sequence(cmds ...Cmd) Cmd {[m       
[38;2;216;220;230m    return func() Msg {[m                                     
[38;2;255;161;152m-       return nil[m                                          
[38;2;86;211;100m+       return sequenceMsg(cmds)[m                            
[38;2;216;220;230m    }[m                                                       
                                                            
                                                            
                                                            
                                                            
                                                            
                                                            
                                                            
                                                            
                                                            
                                                            
                                                            
[1;38;2;216;220;230mcommands.go[m                                   [38;2;160;167;184mline 1/5  100%[m