[1;38;2;200;206;219mHelp · Pull requests[m                                                     [38;2;107;114;133m1 of 12[m
[38;2;122;162;247m› [m[38;2;200;206;219mrld[m[7;38;2;122;162;247m [m[38;2;200;206;219m                                                                          [m
[38;2;224;175;104m⚠[m [38;2;122;162;247mr ctrl+r[m      [38;2;200;206;219mreload[m                                            [38;2;160;167;184mpull requests[m 
                [38;2;224;175;104m↳ ctrl+r: refresh · app[m                                         
                                                                                
                                                                                
                                                                                
                                                                                
                                                                                
                                                                                