  [38;2;160;167;184mNo repositories to show. Press r to refresh.[m                                  
                                                                                
                                                                                
                                                                                
                                                                                