# label | keys | help key | on or off

always
  quit | ctrl+c | ^c | on
  help | ? | ? | on

Actions
  tab | ] | ] | on
  previous tab | [ | [ | on
  pane | tab | tab | on
  previous pane | shift+tab | shift+tab | on
  pane right | l | l | on
  pane left | h | h | on
  filter | f | f | on
  zoom | z | z | on
  browser | o | o | on
  rerun failed | R | R | on
  rerun all |  |  | off
  cancel run | x | x | off
  refresh | r | r | on
  back | esc | esc | on

Log
  rerun job | J | J | on
  open | enter | ↵ | off
  annotations | A | A | on
  up | up k | ↑/k | off
  down | down j | ↓/j | off
  open file | enter | ↵ | off
  browser | o | o | off
  up | up k | ↑/k | on
  down | down j | ↓/j | on
  page up | b ctrl+b pgup | b/^b | on
  page down | space ctrl+f pgdown | space/^f | on
  ½ page up | ctrl+u | ^u | on
  ½ page down | ctrl+d | ^d | on
  top | home g | g/home | on
  bottom | end G | G/end | on
  fold | enter | ↵ | on
  expand | + | + | on
  collapse | - | - | on
  fold all | * | * | on
  next error | e | e | off
  prev error | E | E | off
  next warning | w | w | off
  prev warning | W | W | off
  search | / | / | on
  search | enter | enter | off
  cancel | esc | esc | off
  next match | n | n | off
  prev match | N | N | off
  left | left h | ←/h | on
  right | right l | →/l | on
  wrap | s | s | on
  times | t | t | on
  line numbers | # | # | on
  follow | F | F | on
  back | esc | esc | on
