# label | keys | help key | on or off

global
  quit | ctrl+c | ^c | on
  maximize | Z | Z | on
  help | ? | ? | on

Actions
  tab | ] | ] | on
  previous tab | [ | [ | on
  pane | tab | tab | on
  previous pane | shift+tab | shift+tab | on
  focus pane | 1 2 3 | 1-3 | on
  zoom | z | z | on
  browser | o | o | on
  rerun failed | R | R | on
  rerun all |  |  | off
  cancel run | X | X | off
  refresh | r | r | on
  back | esc | esc | on

Annotations
  rerun job | J | J | on
  open | enter | ↵ | off
  log | A | A | on
  up | up k | ↑/k | on
  down | down j | ↓/j | on
  open file | enter | ↵ | on
  browser | o | o | off
  up | up k | ↑/k | off
  down | down j | ↓/j | off
  page up | b ctrl+b pgup | b/^b/pgup | off
  page down | space ctrl+f pgdown | space/^f/pgdn | off
  ½ page up | ctrl+u | ^u | off
  ½ page down | ctrl+d | ^d | off
  top | g home | g/home | off
  bottom | G end | G/end | off
  fold | enter | ↵ | off
  all | * | * | on
  next error | e | e | off
  prev error | E | E | off
  next warning | w | w | off
  prev warning | W | W | off
  search | / | / | off
  search | enter | ↵ | off
  cancel | esc | esc | off
  next match | n | n | off
  prev match | N | N | off
  option: S N T | - | - | on
  chop or wrap long lines | S | S | off
  line numbers | N | N | off
  timestamps | T | T | off
  cancel | esc | esc | off
  left | left h | ←/h | off
  right | right l | →/l | off
  follow | F | F | on
  back | esc | esc | off
