# label | keys | help key | on or off

global
  quit | ctrl+c | ^c | on
  command | : | : | on
  maximize | Z | Z | on
  back | backspace | backspace | off
  dashboard | 0 | 0 | off
  notifications | I | I | off
  search | S | S | off
  this repo | . | . | off
  owner page | @ | @ | off
  help | ? | ? | on

Actions
  tab | ] | ] | on
  previous tab | [ | [ | on
  pane | tab | tab | on
  previous pane | shift+tab | shift+tab | on
  focus pane | 1 2 3 | 1-3 | on
  zoom | z | z | on
  browser | o | o | on
  rerun failed | R | R | on
  rerun all |  |  | off
  cancel run | X | X | off
  refresh | r | r | on
  close | esc | esc | on
  back | backspace | backspace | off

Runs
  jobs | enter | ↵ | on
  filter | f | f | on
  clear filter | F | F | off
  up | up k | ↑/k | on
  down | down j | ↓/j | on
  page up | ctrl+b pgup | ^b/pgup | on
  page down | ctrl+f pgdown | ^f/pgdn | on
  ½ page up | ctrl+u | ^u | on
  ½ page down | ctrl+d | ^d | on
  first | g home | g/home | on
  last | G end | G/end | on
  retry | r | r | off
  search | / | / | on
  quick filter | & | & | on
  next match | n | n | off
  prev match | N | N | off
