# label | keys | help key | on or off

global
  quit | ctrl+c | ^c | on
  maximize | Z | Z | on
  help | ? | ? | on

Filter
  previous field | k up | k/↑ | on
  next field | j down | j/↓ | on
  first field | g home | g/home | on
  query | G end | G/end | on
  previous | h left | h/← | off
  next | l right | l/→ | off
  toggle | space | space | off
  insert | i | i | on
  append | a | a | on
  clear | delete backspace | delete/backspace | off
  apply | enter | ↵ | on
  close | esc | esc | on
  close | q | q | on
  retry | r | r | off
  next tab | ] | ] | on
  previous tab | [ | [ | on
  apply | enter | ↵ | off
  done | esc | esc | off
  up | up ctrl+p | ↑/^p | off
  down | down ctrl+n | ↓/^n | off
  toggle | space | space | off
  clear | delete backspace | delete/backspace | off
  choose | enter | ↵ | off
  close | esc | esc | off
  up | up ctrl+p | ↑/^p | off
  down | down ctrl+n | ↓/^n | off
  page up | pgup | pgup | off
  page down | pgdown | pgdn | off
  scope | tab | tab | off
  previous scope | shift+tab | shift+tab | off
  up | k up | k/↑ | off
  down | j down | j/↓ | off
  page up | ctrl+b pgup | ^b/pgup | off
  page down | ctrl+f pgdown | ^f/pgdn | off
  half page up | ctrl+u | ^u | off
  half page down | ctrl+d | ^d | off
  top | g home | g/home | off
  bottom | G end | G/end | off
  filter | i | i | off
  filter at end | a | a | off
