# label | keys | help key | on or off

app
  help | ? | ? | on

app
  command | : | : | on
  quit | q ctrl+c | q | on
  search | / | / | on
  history | B | B | off
  actions | a | a | off
  find file | t ctrl+p | t | off
  filter | f | f | on
  sort | s | s | on
  zoom | z | z | off
  unzoom | esc | esc | off
  dismiss | ctrl+x | ctrl+x | off
  owner page | @ | @ | on
  notifications | n | n | on
  back | 0 | 0 | off
  next pane | tab ] | tab | off
  previous pane | shift+tab [ | shift+tab | off
  focus pane | 1 2 3 | 1/2/3 | off

dashboard
  left | left h | ←/h | off
  right | right l | →/l | off
  up | up k | ↑/k | off
  down | down j | ↓/j | off
  open | enter | ↵ | on
  browser | o | o | on
  checks | C | C | off
  next owner | ] right | ] | on
  previous owner | [ left | [ | on
  clear filters | F | F | off
  filter | f | f | on
  sort | s | s | on
  all notifications | n | n | off
  next pane | tab ] | tab | on
  previous pane | shift+tab [ | shift+tab | on
  zoom | z | z | on
  unzoom | esc | esc | on
  refresh | r ctrl+r | r | on
  this repo | . | . | on
  focus pane | 1 2 3 4 5 | 1-5 | on

list
  up | up k | ↑/k | on
  down | down j | ↓/j | on
  page up | pgup b | pgup/b | on
  page down | pgdown f | pgdn/f | on
  first | home g | g/home | on
  last | end G | G/end | on
  retry | r ctrl+r | r | off
