# label | keys | help key | on or off

always
  quit | ctrl+c | ^c | on
  help | ? | ? | off

Option (types)
  up | up k | ↑/k | off
  down | down j | ↓/j | off
  page up | b ctrl+b pgup | b/^b/pgup | off
  page down | space ctrl+f pgdown | space/^f/pgdn | off
  ½ page up | ctrl+u | ^u | off
  ½ page down | ctrl+d | ^d | off
  top | g home | g/home | off
  bottom | G end | G/end | off
  left | left h | ←/h | off
  right | right l | →/l | off
  option: S N s i I | - | - | off
  chop or wrap long lines | S | S | on
  line numbers | N | N | on
  squeeze blank lines | s | s | on
  smart case | i | i | on
  ignore case | I | I | on
  cancel | esc | esc | on
  search | / | / | off
  filter | & | & | off
  search | enter | ↵ | off
  cancel | esc | esc | off
  cancel | backspace ctrl+h | backspace/^h | off
  next match | n | n | off
  prev match | N | N | off
  edit | v | v | off
  close | q esc | q/esc | off
