# label | keys | help key | on or off

app
  quit | ctrl+c | ^c | on
  help | ? | ? | off

Finder (types)
  open in tree | ctrl+t | ^t | on
  preview | tab | tab | on
  open on GitHub | ctrl+o | ^o | on
  up | up ctrl+p | ↑ | on
  down | down ctrl+n | ↓ | on
  page up | pgup | pgup | on
  page down | pgdown | pgdn | on
  open | enter | ↵ | on
  close | esc | esc | on
