# label | keys | help key | on or off

always
  quit | ctrl+c | ^c | on
  help | ? | ? | off

Search (types)
  up | up k | ↑/k | off
  down | down j | ↓/j | off
  page up | b ctrl+b pgup | b/^b | off
  page down | space ctrl+f pgdown | space/^f | off
  ½ page up | ctrl+u | ^u | off
  ½ page down | ctrl+d | ^d | off
  top | home g | g/home | off
  bottom | end G | G/end | off
  left | left h | ←/h | off
  right | right l | →/l | off
  option: S N s i I | - | - | off
  search | / | / | off
  filter | & | & | off
  search | enter | enter | on
  cancel | esc | esc | on
  next match | n | n | off
  prev match | N | N | off
  edit | v | v | off
  close | q esc | q | off
