# label | keys | help key | on or off

always
  quit | ctrl+c | ^c | on
  help | ? | ? | on

History
  pane | tab | tab | on
  previous pane | shift+tab | shift+tab | on
  browser | o | o | on
  back to head | H | H | off
  zoom | z | z | on
  close | esc | esc | on
  retry | r | r | off

Branches
  use as base | space | space | on
  graph | enter | ↵ | on
  filter | / | / | on
  up | up k | ↑/k | on
  down | down j | ↓/j | on
  page up | ctrl+b pgup | ^b/pgup | on
  page down | ctrl+f pgdown | ^f/pgdn | on
  ½ page up | ctrl+u | ^u | on
  ½ page down | ctrl+d | ^d | on
  newest | home g | g/home | on
  oldest loaded | end G | G/end | on
  open | enter | enter | off
  retry | r | r | off
