# label | keys | help key | on or off

app
  quit | ctrl+c | ^c | on
  help | ? | ? | on

history
  pane | tab ] | tab | on
  previous pane | shift+tab [ | shift+tab | on
  browser | o | o | on
  back to head | H | H | off
  zoom | z | z | on
  back | esc | esc | off
  use as base | space | space | off
  patch | enter | ↵ | off
  filter | / | / | off
  retry | r ctrl+r | r | off

pager
  up | up k | ↑/k | on
  down | down j | ↓/j | on
  page up | pgup b | b/pgup | on
  page down | pgdown space f | f/pgdn | on
  ½ page up | u | u | on
  ½ page down | d | d | on
  top | home g | g/home | on
  bottom | end G | G/end | on
  count for g/G/% | 0 1 2 3 4 5 6 7 8 9 | 0-9 | on
  go to count % | % | % | off
  left | left h | ←/h | on
  right | right l | →/l | on
  option: S N s i I | - | - | on
  search | / | / | on
  filter | & | & | on
  search | enter | enter | off
  cancel | esc | esc | off
  next match | n | n | off
  prev match | N | N | off
  edit | v | v | on
  close | q esc | q | on
