# label | keys | help key | on or off

app
  quit | ctrl+c | ^c | on
  help | ? | ? | off

pager (types)
  up | up k | ↑/k | off
  down | down j | ↓/j | off
  page up | b ctrl+b pgup | b/ctrl+b/pgup | off
  page down | space ctrl+f pgdown | space/ctrl+f/pgdn | off
  ½ page up | ctrl+u | ctrl+u | off
  ½ page down | ctrl+d | ctrl+d | off
  top | home g | g/home | off
  bottom | end G | G/end | off
  count for g/G/% | 0 1 2 3 4 5 6 7 8 9 | 0-9 | off
  go to count % | % | % | off
  left | left h | ←/h | off
  right | right l | →/l | off
  option: S N s i I | - | - | off
  search | / | / | off
  filter | & | & | off
  search | enter | enter | on
  cancel | esc | esc | on
  next match | n | n | off
  prev match | N | N | off
  edit | v | v | off
  close | q esc | q | off
