# label | keys | help key | on or off

global
  help | ? | ? | on
  command | : | : | on
  quit | q ctrl+c | q | on
  search | S | S | on
  find file | ctrl+p | ^p | on
  zoom | z | z | on
  maximize | Z | Z | off
  unzoom | esc | esc | off
  dismiss | ctrl+x | ctrl+x | off
  owner page | @ | @ | on
  this repo | . | . | off
  notifications | I | I | on
  dashboard | 0 | 0 | on
  next pane | tab | tab | on
  previous pane | shift+tab | shift+tab | on
  focus pane | 1 2 3 | 1-3 | on

Repository
  history | B | B | on
  actions | A | A | on

Issues
  back | esc | esc | off
  comment | c | c | off
  labels | l | l | off
  close | x | x | on
  reopen | X | X | off
  refresh | r | r | on
  browser | o | o | on
  open | enter | ↵ | on
  next state | ] | ] | on
  previous state | [ | [ | on
  clear filters | F | F | off
  filter | f | f | on
  sort | s | s | on
  up | up k | ↑/k | on
  down | down j | ↓/j | on
  page up | ctrl+b pgup | ^b/pgup | on
  page down | ctrl+f pgdown | ^f/pgdn | on
  ½ page up | ctrl+u | ^u | on
  ½ page down | ctrl+d | ^d | on
  first | home g | g/home | on
  last | end G | G/end | on
  retry | r | r | off
