# label | keys | help key | on or off

app
  help | ? | ? | on

Issues
  next state | ] | ] | on
  previous state | [ | [ | on

app
  command | : | : | on
  quit | q ctrl+c | q | on
  search | / | / | on
  history | B | B | on
  actions | a | a | on
  find file | t ctrl+p | t | on
  filter | f | f | on
  sort | s | s | on
  zoom | z | z | on
  unzoom | esc | esc | off
  dismiss | ctrl+x | ctrl+x | off
  owner page | @ | @ | on
  notifications | n | n | on
  dashboard | 0 | 0 | on
  next pane | tab ] | tab | on
  previous pane | shift+tab [ | shift+tab | on
  focus pane | 1 2 3 | 1-3 | on

Issues
  back | esc | esc | off
  comment | c | c | off
  labels | l | l | off
  close | x | x | on
  reopen | X | X | off
  refresh | r ctrl+r | r | on
  browser | o | o | on
  open | enter | ↵ | on
  next state | ] | ] | on
  previous state | [ | [ | on
  clear filters | F | F | off
  filter | f | f | on
  sort | s | s | on

list
  up | up k | ↑/k | on
  down | down j | ↓/j | on
  page up | ctrl+b pgup | ctrl+b/pgup | on
  page down | ctrl+f pgdown | ctrl+f/pgdn | on
  ½ page up | ctrl+u | ctrl+u | on
  ½ page down | ctrl+d | ctrl+d | on
  first | home g | g/home | on
  last | end G | G/end | on
  retry | r ctrl+r | r | off
