# label | keys | help key | on or off

app
  quit | ctrl+c | ^c | on
  help | ? | ? | on

Issue
  back | esc | esc | on
  comment | c | c | on
  labels | l | l | on
  close | x | x | on
  reopen | X | X | off
  refresh | r | r | on
  browser | o | o | on
  open | enter | ↵ | off
  next state | ] | ] | off
  previous state | [ | [ | off
  clear filters | F | F | off
  filter | f | f | off
  sort | s | s | off
  owner page | @ | @ | on
  up | up k | ↑/k | on
  down | down j | ↓/j | on
  page up | b ctrl+b pgup | b/^b | on
  page down | space ctrl+f pgdown | space/^f | on
  ½ page up | ctrl+u | ^u | on
  ½ page down | ctrl+d | ^d | on
  top | home g | g/home | on
  bottom | end G | G/end | on
  diagram code | enter | ↵ | off
  retry | r | r | off
