app
  ?  ?  help  on

Issues
  ]  ]  next state      on
  [  [  previous state  on

app
  :            :          command        on
  q ctrl+c     q          quit           on
  /            /          search         on
  B            B          history        on
  a            a          actions        on
  t ctrl+p     t          find file      on
  f            f          filter         on
  s            s          sort           on
  z            z          zoom           on
  esc          esc        unzoom         off
  ctrl+x       ctrl+x     dismiss        off
  @            @          owner page     on
  n            n          notifications  on
  0            0          dashboard      on
  tab ]        tab        next pane      on
  shift+tab [  shift+tab  previous pane  on
  1 2 3        1/2/3      focus pane     on

Issues
  esc       esc  back            off
  c         c    comment         off
  l         l    labels          off
  x         x    close           on
  X         X    reopen          off
  r ctrl+r  r    refresh         on
  o         o    browser         on
  enter     ↵    open            on
  ]         ]    next state      on
  [         [    previous state  on
  F         F    clear filters   off
  f         f    filter          on
  s         s    sort            on

list
  up k      ↑/k     up         on
  down j    ↓/j     down       on
  pgup b    pgup/b  page up    on
  pgdown f  pgdn/f  page down  on
  home g    g/home  first      on
  end G     G/end   last       on
  r ctrl+r  r       retry      off
