# label | keys | help key | on or off

global
  quit | ctrl+c | ^c | on
  command | : | : | on
  maximize | Z | Z | on
  back | backspace | backspace | off
  dashboard | 0 | 0 | off
  notifications | I | I | off
  search | S | S | off
  this repo | . | . | off
  help | ? | ? | on

Issue
  close | esc | esc | on
  comment | c | c | on
  labels | L | L | on
  close issue | X | X | on
  reopen issue | O | O | off
  refresh | r | r | on
  browser | o | o | on
  open | enter | ↵ | off
  next state | ] | ] | off
  previous state | [ | [ | off
  clear filters | F | F | off
  filter | f | f | off
  sort | s | s | off
  author | @ | @ | on
  up | up k | ↑/k | on
  down | down j | ↓/j | on
  page up | b ctrl+b pgup | b/^b/pgup | on
  page down | space ctrl+f pgdown | space/^f/pgdn | on
  ½ page up | ctrl+u | ^u | on
  ½ page down | ctrl+d | ^d | on
  top | g home | g/home | on
  bottom | G end | G/end | on
  diagram code | enter | ↵ | off
  retry | r | r | off
