# label | keys | help key | on or off

global
  quit | ctrl+c | ^c | on
  maximize | Z | Z | on
  help | ? | ? | on

Issue
  back | esc | esc | on
  comment | c | c | on
  labels | L | L | on
  close | X | X | on
  reopen | O | O | off
  refresh | r | r | on
  browser | o | o | on
  open | enter | ↵ | off
  next state | ] | ] | off
  previous state | [ | [ | off
  clear filters | F | F | off
  filter | f | f | off
  sort | s | s | off
  owner page | @ | @ | on
  up | up k | ↑/k | on
  down | down j | ↓/j | on
  page up | b ctrl+b pgup | b/^b/pgup | on
  page down | space ctrl+f pgdown | space/^f/pgdn | on
  ½ page up | ctrl+u | ^u | on
  ½ page down | ctrl+d | ^d | on
  top | g home | g/home | on
  bottom | G end | G/end | on
  diagram code | enter | ↵ | off
  retry | r | r | off
