# label | keys | help key | on or off

app
  help | ? | ? | on

app
  command | : | : | on
  quit | q ctrl+c | q | on
  search | / | / | on
  history | B | B | off
  actions | a | a | off
  find file | t ctrl+p | t | off
  filter | f | f | on
  sort | s | s | off
  zoom | z | z | off
  unzoom | esc | esc | off
  dismiss | ctrl+x | ctrl+x | off
  owner page | @ | @ | on
  back | n | n | on
  dashboard | 0 | 0 | on
  next pane | tab ] | tab | off
  previous pane | shift+tab [ | shift+tab | off
  focus pane | 1 2 3 | 1-3 | on

Notifications
  open & read | enter | ↵ | on
  open | o | o | on
  read | m | m | on
  done | d | d | on
  all read | M | M | on
  filter | f | f | on
  clear filters | F | F | off
  refresh | r ctrl+r | r | on

list
  up | up k | ↑/k | on
  down | down j | ↓/j | on
  page up | pgup b | pgup/b | on
  page down | pgdown f | pgdn/f | on
  first | home g | g/home | on
  last | end G | G/end | on
  retry | r ctrl+r | r | off
