# label | keys | help key | on or off

app
  quit | ctrl+c | ^c | on
  help | ? | ? | on

filter
  previous field | up shift+tab | ↑ | on
  field | down tab | ↑↓ | on
  previous | left | ← | on
  choose | right | ←→ | on
  choose | space | space | on
  edit | enter | ↵ | off
  clear | delete backspace | delete | on
  apply | enter | ↵ | on
  cancel | esc | esc | on
  next tab | ] | ] | off
  previous tab | [ | [ | off
  up | up ctrl+p | ↑/ctrl+p | off
  down | down ctrl+n | ↓/ctrl+n | off
  page up | pgup | pgup | off
  page down | pgdown | pgdn | off
  open | enter | enter | off
  close | esc | esc | off
  scope | tab | tab | off
  previous scope | shift+tab | shift+tab | off
