# label | keys | help key | on or off

app
  help | ? | ? | on

app
  command | : | : | on
  quit | q ctrl+c | q | on
  search | / | / | on
  history | B | B | off
  actions | a | a | off
  find file | t ctrl+p | t | off
  filter | f | f | off
  sort | s | s | off
  zoom | z | z | off
  unzoom | esc | esc | off
  dismiss | ctrl+x | ctrl+x | off
  owner page | @ | @ | on
  notifications | n | n | on
  dashboard | 0 | 0 | on
  next pane | tab ] | tab | off
  previous pane | shift+tab [ | shift+tab | off
  focus pane | 1 2 3 | 1-3 | off

profile
  left | left h | ←/h | on
  right | right l | →/l | on
  up | up k | ↑/k | on
  down | down j | ↓/j | on
  open | enter | ↵ | on
  browser | o | o | on
  next tab | ] | ] | off
  previous tab | [ | [ | off
  clear filters | F | F | off
  filter | f | f | off
  sort | s | s | off
  next pane | tab ] | tab | on
  previous pane | shift+tab [ | shift+tab | on
  zoom | z | z | on
  back | esc | esc | on
  refresh | r ctrl+r | r | on
  focus pane | 1 2 3 4 | 1-4 | on
