# label | keys | help key | on or off

global
  help | ? | ? | on
  command | : | : | on
  quit | q ctrl+c | q | on
  search | / | / | on
  find file | t ctrl+p | t | off
  zoom | z | z | on
  back | esc | esc | on
  dismiss | ctrl+x | ctrl+x | off
  owner page | @ | @ | on
  notifications | n | n | on
  dashboard | 0 | 0 | on
  next pane | tab | tab | on
  previous pane | shift+tab | shift+tab | on
  focus pane | 1 2 3 4 | 1-4 | on

Profile
  refresh | r | r | on

Pinned
  left | left h | ←/h | on
  right | right l | →/l | on
  up | up k | ↑/k | on
  down | down j | ↓/j | on
  open | enter | ↵ | on
  browser | o | o | on
