# label | keys | help key | on or off

global
  quit | ctrl+c | ^c | on
  command | : | : | on
  maximize | Z | Z | on
  dashboard | 0 | 0 | off
  notifications | I | I | off
  search | S | S | off
  this repo | . | . | off
  help | ? | ? | on

Pull request
  merge | M | M | on
  close PR | X | X | on
  reopen PR | O | O | off
  convert to draft | W | W | on
  checks | C | C | off
  next tab | ] | ] | on
  previous tab | [ | [ | on
  author | @ | @ | on

Checks
  checks | backspace | backspace | off
  close | esc | esc | on
  rerun failed | R | R | on
  refresh | r | r | on
  browser | o | o | on
  log | enter | ↵ | on
  up | up k | ↑/k | on
  down | down j | ↓/j | on
  page up | ctrl+b pgup | ^b/pgup | on
  page down | ctrl+f pgdown | ^f/pgdn | on
  ½ page up | ctrl+u | ^u | on
  ½ page down | ctrl+d | ^d | on
  first | g home | g/home | on
  last | G end | G/end | on
