# label | keys | help key | on or off

app
  quit | ctrl+c | ^c | on
  help | ? | ? | on

Pull request
  merge | m | m | off
  close | x | x | off
  reopen | X | X | off
  convert to draft | D | D | off
  back | esc | esc | off
  open | enter | ↵ | off
  checks | C | C | off
  next state | ] | ] | off
  previous state | [ | [ | off
  clear filters | F | F | off
  refresh | r | r | off
  open in browser | o | o | off
  filter | f | f | off
  sort | s | s | off
  owner page | @ | @ | off

Checks
  detail | esc | esc | on
  rerun failed | R | R | on
  refresh | r | r | on
  browser | o | o | on
  log | enter | ↵ | on
  up | up k | ↑/k | on
  down | down j | ↓/j | on
  page up | ctrl+b pgup | ^b/pgup | on
  page down | ctrl+f pgdown | ^f/pgdn | on
  ½ page up | ctrl+u | ^u | on
  ½ page down | ctrl+d | ^d | on
  first | home g | g/home | on
  last | end G | G/end | on
