# label | keys | help key | on or off

global
  quit | ctrl+c | ^c | on
  maximize | Z | Z | on
  dashboard | 0 | 0 | off
  notifications | I | I | off
  search | S | S | off
  this repo | . | . | off
  help | ? | ? | on

Pull request
  merge | M | M | on
  close | X | X | on
  reopen | O | O | off
  convert to draft | W | W | on
  back | esc | esc | on
  open | enter | ↵ | off
  checks | C | C | on
  next state | ] | ] | off
  previous state | [ | [ | off
  clear filters | F | F | off
  refresh | r | r | on
  open in browser | o | o | on
  filter | f | f | off
  sort | s | s | off
  author | @ | @ | on

Conversation
  up | up k | ↑/k | on
  down | down j | ↓/j | on
  page up | b ctrl+b pgup | b/^b/pgup | on
  page down | space ctrl+f pgdown | space/^f/pgdn | on
  ½ page up | ctrl+u | ^u | on
  ½ page down | ctrl+d | ^d | on
  top | g home | g/home | on
  bottom | G end | G/end | on
  diagram code | enter | ↵ | off
  retry | r | r | off
