# label | keys | help key | on or off

app
  quit | ctrl+c | ^c | on
  help | ? | ? | on

checks
  checks | esc | esc | on
  rerun failed | ctrl+r | ^r | off
  refresh | r | r | on
  browser | o | o | on
  open | enter | ↵ | off
  up | up k | ↑/k | off
  down | down j | ↓/j | off
  page up | pgup b | pgup/b | off
  page down | pgdown f | pgdn/f | off
  first | home g | g/home | off
  last | end G | G/end | off
  annotations | A | A | off

detail
  up | up k | ↑/k | on
  down | down j | ↓/j | on
  page up | pgup b | b/pgup | on
  page down | pgdown space f | f/pgdn | on
  ½ page up | u ctrl+u | u | on
  ½ page down | d ctrl+d | d | on
  move left | left h | ←/h | on
  move right | right l | →/l | on
