# label | keys | help key | on or off

always
  quit | ctrl+c | ^c | on
  help | ? | ? | off

Filter query (types)
  previous field | k up | k | off
  next field | j down | j | off
  first field | g home | g | off
  query | G end | G | off
  previous | h left | h | off
  next | l right | l | off
  toggle | space | space | off
  insert | i | i | off
  append | a | a | off
  clear | delete backspace | delete | off
  apply | enter | ↵ | off
  close | esc | esc | off
  close | q | q | off
  retry | r | r | off
  next tab | ] | ] | off
  previous tab | [ | [ | off
  apply | enter | ↵ | on
  done | esc | esc | on
  up | up ctrl+p | ↑/ctrl+p | off
  down | down ctrl+n | ↓/ctrl+n | off
  page up | pgup | pgup | off
  page down | pgdown | pgdn | off
  open | enter | enter | off
  close | esc | esc | off
  scope | tab | tab | off
  previous scope | shift+tab | shift+tab | off
