# label | keys | help key | on or off

app
  quit | ctrl+c | ^c | on
  help | ? | ? | off

filter (types)
  previous field | up shift+tab | ↑ | off
  field | down tab | ↑↓ | off
  previous | left | ← | off
  choose | right | ←→ | off
  choose | space | space | on
  edit | enter | ↵ | on
  remove | x backspace | x | off
  apply | enter | ↵ | off
  reset | r | r | off
  cancel | esc | esc | on
  next tab | ] | ] | off
  previous tab | [ | [ | off
  up | up ctrl+p | ↑/ctrl+p | on
  down | down ctrl+n | ↓/ctrl+n | on
  page up | pgup | pgup | on
  page down | pgdown | pgdn | on
  open | enter | enter | off
  close | esc | esc | off
  scope | tab | tab | off
  previous scope | shift+tab | shift+tab | off
