# label | keys | help key | on or off

app
  quit | ctrl+c | ^c | on
  help | ? | ? | off

filter (types)
  previous field | up shift+tab | ↑ | off
  field | down tab | ↑↓ | off
  previous | left | ← | off
  choose | right | ←→ | off
  choose | space | space | on
  edit | enter | ↵ | on
  clear | delete backspace | delete | off
  apply | enter | ↵ | off
  cancel | esc | esc | on
  next tab | ] | ] | off
  previous tab | [ | [ | off
  up | up ctrl+p | ↑/ctrl+p | on
  down | down ctrl+n | ↓/ctrl+n | on
  page up | pgup | pgup | on
  page down | pgdown | pgdn | on
  open | enter | enter | off
  close | esc | esc | off
  scope | tab | tab | off
  previous scope | shift+tab | shift+tab | off
  up | k up | k/↑ | off
  down | j down | j/↓ | off
  page up | ctrl+b pgup | ctrl+b/pgup | off
  page down | ctrl+f pgdown | ctrl+f/pgdn | off
  half page up | ctrl+u | ctrl+u | off
  half page down | ctrl+d | ctrl+d | off
  top | g home | g/home | off
  bottom | G end | G/end | off
  filter | i | i | off
  filter at end | a | a | off
