# label | keys | help key | on or off

app
  quit | ctrl+c | ^c | on
  help | ? | ? | on

pull request
  merge | m | m | on
  close | x | x | on
  reopen | X | X | off
  convert to draft | D | D | on
  back | esc | esc | on
  open | enter | ↵ | off
  checks | C | C | on
  next state | ] | ] | off
  previous state | [ | [ | off
  clear filters | F | F | off
  refresh | r ctrl+r | r | on
  open in browser | o | o | on
  filter | f | f | off
  sort | s | s | off
  owner page | @ | @ | on

thread
  up | up k | ↑/k | on
  down | down j | ↓/j | on
  page up | b ctrl+b pgup | b/^b | on
  page down | space ctrl+f pgdown | space/^f | on
  ½ page up | ctrl+u | ^u | on
  ½ page down | ctrl+d | ^d | on
  top | home g | g/home | on
  bottom | end G | G/end | on
  diagram code | enter | ↵ | off
  retry | r ctrl+r | r | off
