# label | keys | help key | on or off

app
  quit | ctrl+c | ^c | on
  help | ? | ? | off

annotations
  annotations | A | A | off
  up | up k | ↑/k | off
  down | down j | ↓/j | off
  open file | enter | ↵ | off
  browser | o | o | off

log (types)
  up | up k | ↑/k | off
  down | down j | ↓/j | off
  page up | b ctrl+b pgup | b/ctrl+b/pgup | off
  page down | space ctrl+f pgdown | space/ctrl+f/pgdn | off
  ½ page up | ctrl+u | ctrl+u | off
  ½ page down | ctrl+d | ctrl+d | off
  top | home g | g/home | off
  bottom | end G | G/end | off
  fold | enter | enter | off
  expand | + | + | off
  collapse | - | - | off
  fold all | * | * | off
  next error | e | e | off
  prev error | E | E | off
  next warning | w | w | off
  prev warning | W | W | off
  search | / | / | off
  search | enter | enter | on
  cancel | esc | esc | on
  next match | n | n | off
  prev match | N | N | off
  left | left h | ←/h | off
  right | right l | →/l | off
  wrap | s | s | off
  times | t | t | off
  line numbers | # | # | off
  follow | F | F | off
  back | esc | esc | off
