# label | keys | help key | on or off

app
  quit | ctrl+c | ^c | on
  help | ? | ? | on

release
  back | esc | esc | on
  open in browser | o | o | on
  retry | r ctrl+r | r | off

thread
  up | up k | ↑/k | on
  down | down j | ↓/j | on
  page up | pgup b | b/pgup | on
  page down | pgdown f space | f/pgdn | on
  ½ page up | ctrl+u u | u | on
  ½ page down | ctrl+d d | d | on
  top | home g | g/home | on
  bottom | end G | G/end | on
  diagram code | enter | ↵ | off
  retry |  |  | off
