# label | keys | help key | on or off

always
  help | ? | ? | off

app
  quit | ctrl+c | ^c | on

Query (types)
  back | esc | esc | on
  search | enter | ↵ | on
  next | tab | tab | on
  previous | shift+tab | shift+tab | on
  kinds | left h | ←/h | off
  results | right l | →/l | off
  up | up k | ↑/k | off
  down | down j | ↓/j | off
  browser | o | o | off
  repo | ctrl+o | ^o | off
  checks | C | C | off
  refresh | r | r | off
  filter | f | f | off
  sort | s | s | off
  kinds | up | ↑ | on
  results | down | ↓ | on
