▌ ▾ logo.png                                      
      binary file or no text changes              
  ▾ empty                                         
      binary file or no text changes              
                                                  
file 1/2                                          