[38;2;122;162;247m› [m[38;2;122;162;247m[m[38;2;216;220;230mdisk[m[7;38;2;122;162;247m [m[38;2;216;220;230m                                                                     [m
[38;2;122;162;247m▌[m [38;2;160;167;184minternal/cache/[m[1;38;2;122;162;247mdisk[m[1;38;2;216;220;230m.go[m                                               [38;2;107;114;133m+3 −2[m
  [38;2;160;167;184minternal/cache/[m[1;38;2;122;162;247mdisk[m[38;2;216;220;230m_test.go[m                                             [38;2;107;114;133m+5[m
                                                                            
                                                                            
                                                                            
                                                                            
                                                                            
                                                                            
                                                                            
                                                                            
                                                                            
                                                                            
                                                                            
                                                                            
                                                                            
                                                                            
                                                                            
                                                                            
                                                                            
[38;2;107;114;133m7 files[m[38;2;107;114;133m · 2 matches[m                                                         