  [38;2;160;167;184m▸[m [1mcmd[m                                 
  [38;2;160;167;184m▸[m [1mdocs[m                                
[38;2;122;162;247m▌[m [38;2;122;162;247m⠋[m [1minternal[m                            
    README.md                           
    go.mod                              
                                        
                                        
                                        
                                        
                                        