[38;2;160;167;184mToo large to preview · o opens it in the browser[m            
                                                            
                                                            
                                                            
                                                            
                                                            
                                                            
                                                            
                                                            
[1;38;2;216;220;230mREADME with spaces.md[m                                       