[38;2;160;167;184mRuns[m[38;2;107;114;133m > [m[1;38;2;122;162;247mlint #4810[m                                           
[38;2;122;162;247m>[m [38;2;210;153;34m~[m [1;38;2;216;220;230mlint[m                                              [38;2;210;153;34m1m 20s[m
  [38;2;210;153;34mw[m [38;2;216;220;230mdeploy (production)[m                 [38;2;210;153;34mwaiting for approval[m
  [38;2;210;153;34mw[m [38;2;216;220;230me2e[m                                              [38;2;160;167;184mwaiting[m
  [38;2;210;153;34mw[m [38;2;216;220;230mrelease[m                                          [38;2;160;167;184mwaiting[m
  [38;2;210;153;34m.[m [38;2;216;220;230mdocs[m                                              [38;2;160;167;184mqueued[m
                                                            
                                                            
                                                            
                                                            