[38;2;122;162;247m› [m[38;2;122;162;247m[m[38;2;200;206;219mrend test[m[7;38;2;122;162;247m [m[38;2;200;206;219m                                                [m
[38;2;122;162;247m▌[m [1;38;2;200;206;219mcursed_[m[1;38;2;122;162;247mrend[m[1;38;2;200;206;219merer_[m[1;38;2;122;162;247mtest[m[1;38;2;200;206;219m.go[m                                [38;2;107;114;133m31K[m
                                                            
                                                            
                                                            
                                                            
                                                            
[38;2;107;114;133m8 files[m[38;2;107;114;133m · 1 match[m                                           