[38;2;122;162;247m╭─[m[1;38;2;122;162;247mSearch GitHub[m[38;2;122;162;247m ───────────────────────────────────────────────────────────────────────────────────────────────────────────────────────────╮[m
[38;2;122;162;247m│[m [38;2;122;162;247m›[m [38;2;216;220;230mteas[m[7;38;2;122;162;247m [m[38;2;216;220;230m                                                                                                                                  [m[38;2;122;162;247m│[m
[38;2;122;162;247m╰──────────────────────────────────────────────────────────────────────────────────────────────────────────────────────────────────────────╯[m
[38;2;58;63;77m╭─[m[38;2;160;167;184mFilter by[m[38;2;58;63;77m ───────────╮[m[38;2;58;63;77m╭─[m[38;2;160;167;184mCode[m[38;2;58;63;77m ────────────────────────────────────────────────────────────────────────────────────────────────────────────╮[m
[38;2;58;63;77m│[m  [38;2;216;220;230mRepositories[m      [38;2;160;167;184m0[m [38;2;58;63;77m│[m[38;2;58;63;77m│[m                                                                                                                  [38;2;58;63;77m│[m
[38;2;58;63;77m│[m  [38;2;216;220;230mIssues[m            [38;2;160;167;184m0[m [38;2;58;63;77m│[m[38;2;58;63;77m│[m [38;2;216;220;230mPress ↵ to search code for “teas”.[m                                                                               [38;2;58;63;77m│[m
[38;2;58;63;77m│[m  [38;2;216;220;230mPull requests[m     [38;2;160;167;184m0[m [38;2;58;63;77m│[m[38;2;58;63;77m│[m                                                                                                                  [38;2;58;63;77m│[m
[38;2;58;63;77m│[m[38;2;107;114;133m▌[m [1;38;2;216;220;230mCode[m       [38;2;160;167;184m↵ search[m [38;2;58;63;77m│[m[38;2;58;63;77m│[m [38;2;107;114;133mCode search runs only when you ask, since GitHub allows 10 a minute.[m                                             [38;2;58;63;77m│[m
[38;2;58;63;77m│[m                      [38;2;58;63;77m│[m[38;2;58;63;77m│[m                                                                                                                  [38;2;58;63;77m│[m
[38;2;58;63;77m│[m                      [38;2;58;63;77m│[m[38;2;58;63;77m│[m                                                                                                                  [38;2;58;63;77m│[m
[38;2;58;63;77m│[m                      [38;2;58;63;77m│[m[38;2;58;63;77m│[m                                                                                                                  [38;2;58;63;77m│[m
[38;2;58;63;77m│[m                      [38;2;58;63;77m│[m[38;2;58;63;77m│[m                                                                                                                  [38;2;58;63;77m│[m
[38;2;58;63;77m│[m                      [38;2;58;63;77m│[m[38;2;58;63;77m│[m                                                                                                                  [38;2;58;63;77m│[m
[38;2;58;63;77m│[m                      [38;2;58;63;77m│[m[38;2;58;63;77m│[m                                                                                                                  [38;2;58;63;77m│[m
[38;2;58;63;77m│[m                      [38;2;58;63;77m│[m[38;2;58;63;77m│[m                                                                                                                  [38;2;58;63;77m│[m
[38;2;58;63;77m│[m                      [38;2;58;63;77m│[m[38;2;58;63;77m│[m                                                                                                                  [38;2;58;63;77m│[m
[38;2;58;63;77m│[m                      [38;2;58;63;77m│[m[38;2;58;63;77m│[m                                                                                                                  [38;2;58;63;77m│[m
[38;2;58;63;77m│[m                      [38;2;58;63;77m│[m[38;2;58;63;77m│[m                                                                                                                  [38;2;58;63;77m│[m
[38;2;58;63;77m│[m                      [38;2;58;63;77m│[m[38;2;58;63;77m│[m                                                                                                                  [38;2;58;63;77m│[m
[38;2;58;63;77m│[m                      [38;2;58;63;77m│[m[38;2;58;63;77m│[m                                                                                                                  [38;2;58;63;77m│[m
[38;2;58;63;77m│[m                      [38;2;58;63;77m│[m[38;2;58;63;77m│[m                                                                                                                  [38;2;58;63;77m│[m
[38;2;58;63;77m│[m                      [38;2;58;63;77m│[m[38;2;58;63;77m│[m                                                                                                                  [38;2;58;63;77m│[m
[38;2;58;63;77m│[m                      [38;2;58;63;77m│[m[38;2;58;63;77m│[m                                                                                                                  [38;2;58;63;77m│[m
[38;2;58;63;77m│[m                      [38;2;58;63;77m│[m[38;2;58;63;77m│[m                                                                                                                  [38;2;58;63;77m│[m
[38;2;58;63;77m│[m                      [38;2;58;63;77m│[m[38;2;58;63;77m│[m                                                                                                                  [38;2;58;63;77m│[m
[38;2;58;63;77m│[m                      [38;2;58;63;77m│[m[38;2;58;63;77m│[m                                                                                                                  [38;2;58;63;77m│[m
[38;2;58;63;77m│[m                      [38;2;58;63;77m│[m[38;2;58;63;77m│[m                                                                                                                  [38;2;58;63;77m│[m
[38;2;58;63;77m│[m                      [38;2;58;63;77m│[m[38;2;58;63;77m│[m                                                                                                                  [38;2;58;63;77m│[m
[38;2;58;63;77m│[m                      [38;2;58;63;77m│[m[38;2;58;63;77m│[m                                                                                                                  [38;2;58;63;77m│[m
[38;2;58;63;77m│[m                      [38;2;58;63;77m│[m[38;2;58;63;77m│[m                                                                                                                  [38;2;58;63;77m│[m
[38;2;58;63;77m│[m                      [38;2;58;63;77m│[m[38;2;58;63;77m│[m                                                                                                                  [38;2;58;63;77m│[m
[38;2;58;63;77m│[m                      [38;2;58;63;77m│[m[38;2;58;63;77m│[m                                                                                                                  [38;2;58;63;77m│[m
[38;2;58;63;77m│[m                      [38;2;58;63;77m│[m[38;2;58;63;77m│[m                                                                                                                  [38;2;58;63;77m│[m
[38;2;58;63;77m│[m                      [38;2;58;63;77m│[m[38;2;58;63;77m│[m                                                                                                                  [38;2;58;63;77m│[m
[38;2;58;63;77m│[m                      [38;2;58;63;77m│[m[38;2;58;63;77m│[m                                                                                                                  [38;2;58;63;77m│[m
[38;2;58;63;77m│[m                      [38;2;58;63;77m│[m[38;2;58;63;77m│[m                                                                                                                  [38;2;58;63;77m│[m
[38;2;58;63;77m│[m                      [38;2;58;63;77m│[m[38;2;58;63;77m│[m                                                                                                                  [38;2;58;63;77m│[m
[38;2;58;63;77m╰──────────────────────╯[m[38;2;58;63;77m╰──────────────────────────────────────────────────────────────────────────────────────────────────────────────────╯[m