[38;2;58;63;77m╭─[m[38;2;160;167;184mSearch GitHub[m[38;2;58;63;77m ───────────────────────────────────────────────────────────────────────────────────────────────────────────────────────────╮[m
[38;2;58;63;77m│[m [38;2;122;162;247m›[m [38;2;216;220;230mtea[m [38;2;216;220;230m                                                                                                                                   [m[38;2;58;63;77m│[m
[38;2;58;63;77m╰──────────────────────────────────────────────────────────────────────────────────────────────────────────────────────────────────────────╯[m
[38;2;122;162;247m╭─[m[1;38;2;122;162;247mPull requests · 3 results[m[38;2;122;162;247m ───────────────────────────────────────────────────────────────────────────────────────────────────────────────╮[m
[38;2;122;162;247m│[m [38;2;160;167;184mRepositories[m [38;2;107;114;133m43[m[38;2;107;114;133m · [m[38;2;160;167;184mIssues[m [38;2;107;114;133m2[m[38;2;107;114;133m · [m[1;38;2;122;162;247mPull requests[m [38;2;107;114;133m3[m[38;2;107;114;133m · [m[38;2;160;167;184mCode[m [38;2;107;114;133m↵ search[m                                                                             [38;2;122;162;247m│[m
[38;2;122;162;247m│[m[38;2;122;162;247m▌[m [38;2;63;185;80m[m ]8;;https://github.com/charmbracelet/bubbletea/pull/1402\[38;2;160;167;184mcharmbracelet/bubbletea#1402[m [1;38;2;216;220;230mTea: render only the cells that changed[m]8;;\                                                               [38;2;160;167;184m◦ 2[m[38;2;122;162;247m│[m
[38;2;122;162;247m│[m[38;2;122;162;247m▌[m   [38;2;160;167;184moctocat[m[38;2;107;114;133m · [m[38;2;107;114;133mupdated 1mo ago[m                                                                                                             [38;2;122;162;247m│[m
[38;2;122;162;247m│[m  [38;2;163;113;247m[m ]8;;https://github.com/charmbracelet/bubbletea/pull/1388\[38;2;160;167;184mcharmbracelet/bubbletea#1388[m [38;2;216;220;230mTea: add a cursor to the textarea[m]8;;\                                                                     [38;2;160;167;184m◦ 2[m[38;2;122;162;247m│[m
[38;2;122;162;247m│[m    [38;2;160;167;184moctocat[m[38;2;107;114;133m · [m[38;2;107;114;133mupdated 1mo ago[m                                                                                                             [38;2;122;162;247m│[m
[38;2;122;162;247m│[m  [38;2;145;152;161m[m ]8;;https://github.com/cli/cli/pull/9100\[38;2;160;167;184mcli/cli#9100[m [38;2;216;220;230mDraft: tea support in gh[m]8;;\                                                                                                 [38;2;122;162;247m│[m
[38;2;122;162;247m│[m    [38;2;160;167;184moctocat[m[38;2;107;114;133m · [m[38;2;107;114;133mupdated 1y ago[m                                                                                                              [38;2;122;162;247m│[m
[38;2;122;162;247m│[m                                                                                                                                          [38;2;122;162;247m│[m
[38;2;122;162;247m│[m                                                                                                                                          [38;2;122;162;247m│[m
[38;2;122;162;247m│[m                                                                                                                                          [38;2;122;162;247m│[m
[38;2;122;162;247m│[m                                                                                                                                          [38;2;122;162;247m│[m
[38;2;122;162;247m│[m                                                                                                                                          [38;2;122;162;247m│[m
[38;2;122;162;247m│[m                                                                                                                                          [38;2;122;162;247m│[m
[38;2;122;162;247m│[m                                                                                                                                          [38;2;122;162;247m│[m
[38;2;122;162;247m│[m                                                                                                                                          [38;2;122;162;247m│[m
[38;2;122;162;247m│[m                                                                                                                                          [38;2;122;162;247m│[m
[38;2;122;162;247m│[m                                                                                                                                          [38;2;122;162;247m│[m
[38;2;122;162;247m│[m                                                                                                                                          [38;2;122;162;247m│[m
[38;2;122;162;247m│[m                                                                                                                                          [38;2;122;162;247m│[m
[38;2;122;162;247m│[m                                                                                                                                          [38;2;122;162;247m│[m
[38;2;122;162;247m│[m                                                                                                                                          [38;2;122;162;247m│[m
[38;2;122;162;247m│[m                                                                                                                                          [38;2;122;162;247m│[m
[38;2;122;162;247m│[m                                                                                                                                          [38;2;122;162;247m│[m
[38;2;122;162;247m│[m                                                                                                                                          [38;2;122;162;247m│[m
[38;2;122;162;247m│[m                                                                                                                                          [38;2;122;162;247m│[m
[38;2;122;162;247m│[m                                                                                                                                          [38;2;122;162;247m│[m
[38;2;122;162;247m│[m                                                                                                                                          [38;2;122;162;247m│[m
[38;2;122;162;247m│[m                                                                                                                                          [38;2;122;162;247m│[m
[38;2;122;162;247m│[m                                                                                                                                          [38;2;122;162;247m│[m
[38;2;122;162;247m│[m                                                                                                                                          [38;2;122;162;247m│[m
[38;2;122;162;247m│[m                                                                                                                                          [38;2;122;162;247m│[m
[38;2;122;162;247m│[m                                                                                                                                          [38;2;122;162;247m│[m
[38;2;122;162;247m│[m                                                                                                                                          [38;2;122;162;247m│[m
[38;2;122;162;247m╰──────────────────────────────────────────────────────────────────────────────────────────────────────────────────────────────────────────╯[m