 [1;38;2;216;220;230mGitHub[m [38;2;160;167;184m@github[m[38;2;107;114;133m - [m[38;2;122;162;247mverified[m[38;2;107;114;133m - [m[38;2;216;220;230mHow people build software[m                          
 [38;2;160;167;184mSan Francisco[m[38;2;107;114;133m - [m[38;2;160;167;184mgithub.com[m[38;2;107;114;133m - [m[38;2;160;167;184msupport@github.com[m[38;2;107;114;133m - [m[38;2;216;220;230m6[m[38;2;160;167;184m repositories[m[38;2;107;114;133m - [m[38;2;216;220;230m41k[m[38;2;160;167;184m follo...[m[38;2;107;114;133m[m[38;2;122;162;247m[m
[38;2;122;162;247m+-[m[38;2;107;114;133m1 Pinned[m  [38;2;107;114;133m2 Repositories[m  [1;38;2;122;162;247m[3] .github/profile/README.md[m[38;2;122;162;247m ---------------------+[m
[38;2;122;162;247m|[m [38;2;216;220;230m[1;38;5;39mWelcome to GitHub[m                                                            [38;2;122;162;247m|[m
[38;2;122;162;247m|[m [38;2;216;220;230m[m                                                                             [38;2;122;162;247m|[m
[38;2;122;162;247m|[m [38;2;216;220;230mWe build the home for all developers.[m                                        [38;2;122;162;247m|[m
[38;2;122;162;247m|[m [38;2;216;220;230m[m                                                                             [38;2;122;162;247m|[m
[38;2;122;162;247m|[m [38;2;216;220;230m[38;5;243m🖼 banner[m                                                                     [38;2;122;162;247m|[m
[38;2;122;162;247m|[m [38;2;216;220;230m[4;38;5;212m(https://raw.githubusercontent.com/github/.github/HEAD/profile/banner.png)[m   [38;2;122;162;247m|[m
[38;2;122;162;247m|[m                                                                              [38;2;122;162;247m|[m
[38;2;122;162;247m|[m                                                                              [38;2;122;162;247m|[m
[38;2;122;162;247m|[m                                                                              [38;2;122;162;247m|[m
[38;2;122;162;247m|[m                                                                              [38;2;122;162;247m|[m
[38;2;122;162;247m|[m                                                                              [38;2;122;162;247m|[m
[38;2;122;162;247m|[m                                                                              [38;2;122;162;247m|[m
[38;2;122;162;247m|[m                                                                              [38;2;122;162;247m|[m
[38;2;122;162;247m|[m                                                                              [38;2;122;162;247m|[m
[38;2;122;162;247m|[m                                                                              [38;2;122;162;247m|[m
[38;2;122;162;247m|[m                                                                              [38;2;122;162;247m|[m
[38;2;122;162;247m|[m                                                                              [38;2;122;162;247m|[m
[38;2;122;162;247m|[m                                                                              [38;2;122;162;247m|[m
[38;2;122;162;247m|[m                                                                              [38;2;122;162;247m|[m
[38;2;122;162;247m|[m                                                                              [38;2;122;162;247m|[m
[38;2;122;162;247m+------------------------------------------------------------------------------+[m