  [38;2;160;167;184mNo loaded match. Move down for more.[m  
                                        
                                        
                                        
[7;38;2;122;162;247m [m[7;38;2;122;162;247m&zzz[m[7;38;2;122;162;247m [m  [38;2;107;114;133m0 in 10 loaded[m                  