  [1;38;2;216;220;230meggzec/gh-tui[m                                     [1;38;2;122;162;247mOpen[m[38;2;107;114;133m · [m[38;2;107;114;133mClosed[m[38;2;107;114;133m · [m[38;2;107;114;133mMerged[m[38;2;107;114;133m · [m[38;2;107;114;133mAll[m
   [38;2;160;167;184mNo open pull requests. Press ] to show closed ones.[m                          
                                                                                
                                                                                