  [1;38;2;216;220;230meggzec/gh-tui[m                                                         [38;2;107;114;133mOpen[m[38;2;107;114;133m · [m[38;2;107;114;133mClosed[m[38;2;107;114;133m · [m[1;38;2;122;162;247mMerged[m[38;2;107;114;133m · [m[38;2;107;114;133mAll[m
[38;2;122;162;247m▌[m  [38;2;163;113;247m[m ]8;;https://github.com/eggzec/gh-tui/pull/79\[38;2;160;167;184m#79[m    [1;38;2;216;220;230mRename the watch package to sync[m]8;;\                   [38;2;127;201;154m[m [38;2;127;201;154m[m  [38;2;160;167;184mcache[m[38;2;107;114;133m +1[m        [38;2;160;167;184mhubot[m         [38;2;107;114;133m6h[m
                                                                                                    
                                                                                                    
                                                                                                    
                                                                                                    