                                                                                
                                                                                
                                                                                
                   [38;2;160;167;184mPick a repository in Repositories (tab 4).[m                   
                                                                                
                                                                                
                                                                                