[38;2;58;64;80m╭──────────────────────────────────────────────────────────╮[m
[38;2;58;64;80m│[m [38;2;122;162;247m› [m[7;38;2;122;162;247mS[m[38;2;107;114;133mearch…[m[38;2;107;114;133m                                               [m [38;2;58;64;80m│[m
[38;2;58;64;80m│[m                                                          [38;2;58;64;80m│[m
[38;2;58;64;80m│[m [38;2;122;162;247m⣾ [m[38;2;160;167;184mSearching…[m                                             [38;2;58;64;80m│[m
[38;2;58;64;80m│[m                                                          [38;2;58;64;80m│[m
[38;2;58;64;80m│[m                                                          [38;2;58;64;80m│[m
[38;2;58;64;80m│[m                                                          [38;2;58;64;80m│[m
[38;2;58;64;80m│[m                                                          [38;2;58;64;80m│[m
[38;2;58;64;80m│[m                                                          [38;2;58;64;80m│[m
[38;2;58;64;80m╰──────────────────────────────────────────────────────────╯[m