 [38;2;200;206;219m gammons/slk[m  [1;38;2;26;29;38;48;2;122;162;247m gammons/slk-web [m                                                                                        
[1;38;2;122;162;247m:[m[38;2;200;206;219mgoto gammons/slk-web[m[7;38;2;122;162;247m [m[38;2;200;206;219m                                                                                                  [m