                                                                                
                                                                                
                                                                                
                    [1;38;2;216;220;230mIssues are turned off for eggzec/gh-tui[m                     
                                                                                
                  [38;2;160;167;184mThe repository doesn't use GitHub's issues.[m                   
                                                                                
                                                                                
                                                                                