                                        
                                        
[1;38;2;216;220;230mIssues are turned off for eggzec/gh-tui[m 
                                        
[38;2;160;167;184mYou can turn them on in its settings on[m 
                [38;2;160;167;184mGitHub.[m                 
                                        
                                        
                                        