  [38;2;160;167;184meggzec/gh-tui[m                                              [38;2;122;162;247mOpen[m[38;2;107;114;133m · [m[38;2;107;114;133mClosed[m[38;2;107;114;133m · [m[38;2;107;114;133mAll[m
  [38;2;160;167;184mNo open issues. Press ] to show closed ones.[m                                  
                                                                                
                                                                                