                                                                                
                                                                                
                                                                                
                             [1;38;2;216;220;230mNo repository selected[m                             
                                                                                
                           [38;2;160;167;184mPress S to search for one.[m                           
                                                                                
                                                                                
                                                                                