[38;2;122;162;247m▌[m [38;2;107;114;133m…[m                                     
  [38;2;107;114;133m…[m                                     
  [38;2;107;114;133m…[m                                     
  [38;2;107;114;133m…[m                                     
  [38;2;107;114;133m…[m                                     