[38;2;122;162;247m▌[m #0 a long pull request title that goes on a long pull request title that goes…
  #1 a long pull request title that goes on a long pull request title that goes…
  #2 a long pull request title that goes on a long pull request title that goes…
  #3 a long pull request title that goes on a long pull request title that goes…