  [38;2;216;220;230mAll[m[38;2;107;114;133m  f filter · F clear[m                                                       
   [38;2;160;167;184mNo notifications.[m                                                            
                                                                                
                                                                                