  [38;2;216;220;230mUnread[m[38;2;107;114;133m · f show all[m                                                           
  [38;2;160;167;184mYou're all caught up. Press f to show read notifications.[m                     
                                                                                
                                                                                