   [38;2;216;220;230mUnread[m[38;2;107;114;133m  f filter[m                                                             
   [38;2;160;167;184mNo unread notifications. Press f to show read ones too.[m                      
                                                                                
                                                                                