   [38;2;216;220;230mAll[m[38;2;216;220;230m · mention[m[38;2;107;114;133m  f filter · F clear[m                                            
[38;2;122;162;247m▌[m  [38;2;122;162;247m●[m [38;2;160;167;184miss[m [38;2;160;167;184meggzec/gh-tui  [m  ]8;;https://github.com/eggzec/gh-tui/2\[1;38;2;216;220;230mNotifications badge is off by one afte…[m]8;;\  [38;2;160;167;184mmention[m  [38;2;160;167;184m  3h[m
                                                                                
                                                                                
                                                                                
                                                                                