   [38;2;216;220;230mAll[m[38;2;216;220;230m · release · cli/cli[m[38;2;107;114;133m  f filter · F clear[m                                  
   [38;2;160;167;184mNo notifications match the filters. Press F to clear them.[m                   
                                                                                
                                                                                