[38;2;122;162;247maaaaaaaaaaaaaaaaaaaaaaaaaaaaaa[m
[38;2;158;206;106mbbbbbbbbbbbbbbbbbbbbbbbbbbbbbb[m
[38;2;224;175;104mcccccccccccccccccccccccccccccc[m
[38;2;122;162;247mdddddddddddddddddddddddddddddd[m
[38;2;158;206;106meeeeeeeeeeeeeeeeeeeeeeeeeeeeee[m
[38;2;224;175;104mffffffffffffffffffffffffffffff[m
[38;2;122;162;247mgggggggggggggggggggggg╭───────[m
[38;2;158;206;106mhhhhhhhhhhhhhhhhhhhhhh[38;2;122;162;247m│[m a wide