[38;2;122;162;247m› [m[38;2;122;162;247m[m[38;2;216;220;230mmd[m[7;38;2;122;162;247m [m[38;2;216;220;230m                                                       [m
[38;2;122;162;247m▌[m [1;38;2;216;220;230mAGENTS.[m[1;38;2;122;162;247mmd[m                                              [38;2;107;114;133m12K[m
  [38;2;216;220;230mCLAUDE.[m[1;38;2;122;162;247mmd[m                                                 
  [38;2;216;220;230mREADME with spaces.[m[1;38;2;122;162;247mmd[m                                 [38;2;107;114;133m2.9K[m
  [38;2;216;220;230mgo.[m[1;38;2;122;162;247mm[m[38;2;216;220;230mo[m[1;38;2;122;162;247md[m                                                [38;2;107;114;133m900B[m
  [38;2;160;167;184mc[m[1;38;2;122;162;247mmd[m[38;2;160;167;184m/gh-tui/[m[38;2;216;220;230mmain.go[m                                    [38;2;107;114;133m2.0K[m
                                                            
                                                            
                                                            
                                                            
                                                            
                                                            
                                                            
                                                            
                                                            
                                                            
                                                            
[38;2;107;114;133m6 files[m[38;2;107;114;133m · 5 matches[m                                         