[38;2;122;162;247m╭─[m[1;38;2;122;162;247mSearch GitHub[m[38;2;122;162;247m ───────────────────────────────────────────────────────────────╮[m
[38;2;122;162;247m│[m [38;2;122;162;247m›[m [38;2;107;114;133mS[m[38;2;107;114;133mearch repositories, issues, pull requests and code[m[38;2;107;114;133m                        [m[38;2;122;162;247m│[m
[38;2;122;162;247m╰──────────────────────────────────────────────────────────────────────────────╯[m
[38;2;58;63;77m╭─[m[38;2;160;167;184mStart[m[38;2;58;63;77m ───────────────────────────────────────────────────────────────────────╮[m
[38;2;58;63;77m│[m [1;38;2;122;162;247mRepositories[m[38;2;107;114;133m · [m[38;2;160;167;184mIssues[m[38;2;107;114;133m · [m[38;2;160;167;184mPull requests[m[38;2;107;114;133m · [m[38;2;160;167;184mCode[m                                 [38;2;58;63;77m│[m
[38;2;58;63;77m│[m                                                                              [38;2;58;63;77m│[m
[38;2;58;63;77m│[m [38;2;239;125;125m✗ Something went wrong[m                                                       [38;2;58;63;77m│[m
[38;2;58;63;77m│[m                                                                              [38;2;58;63;77m│[m
[38;2;58;63;77m│[m [38;2;107;114;133mPress i to search GitHub.[m                                                    [38;2;58;63;77m│[m
[38;2;58;63;77m│[m                                                                              [38;2;58;63;77m│[m
[38;2;58;63;77m│[m                                                                              [38;2;58;63;77m│[m
[38;2;58;63;77m│[m                                                                              [38;2;58;63;77m│[m
[38;2;58;63;77m│[m                                                                              [38;2;58;63;77m│[m
[38;2;58;63;77m│[m                                                                              [38;2;58;63;77m│[m
[38;2;58;63;77m│[m                                                                              [38;2;58;63;77m│[m
[38;2;58;63;77m│[m                                                                              [38;2;58;63;77m│[m
[38;2;58;63;77m│[m                                                                              [38;2;58;63;77m│[m
[38;2;58;63;77m│[m                                                                              [38;2;58;63;77m│[m
[38;2;58;63;77m│[m                                                                              [38;2;58;63;77m│[m
[38;2;58;63;77m│[m                                                                              [38;2;58;63;77m│[m
[38;2;58;63;77m│[m                                                                              [38;2;58;63;77m│[m
[38;2;58;63;77m╰──────────────────────────────────────────────────────────────────────────────╯[m