[38;2;59;99;196m╭─[m[1;38;2;59;99;196mSearch GitHub[m[38;2;59;99;196m ───────────────────────────────────────────────────────────────╮[m
[38;2;59;99;196m│[m [38;2;59;99;196m›[m [38;2;138;144;160mS[m[38;2;138;144;160mearch repositories, issues, pull requests and code[m[38;2;138;144;160m                        [m[38;2;59;99;196m│[m
[38;2;59;99;196m╰──────────────────────────────────────────────────────────────────────────────╯[m
[38;2;211;215;224m╭─[m[38;2;84;91;110mStart[m[38;2;211;215;224m ───────────────────────────────────────────────────────────────────────╮[m
[38;2;211;215;224m│[m [1;38;2;59;99;196mRepositories[m[38;2;138;144;160m · [m[38;2;84;91;110mIssues[m[38;2;138;144;160m · [m[38;2;84;91;110mPull requests[m[38;2;138;144;160m · [m[38;2;84;91;110mCode[m                                 [38;2;211;215;224m│[m
[38;2;211;215;224m│[m                                                                              [38;2;211;215;224m│[m
[38;2;211;215;224m│[m [38;2;192;57;43m✗ Something went wrong[m                                                       [38;2;211;215;224m│[m
[38;2;211;215;224m│[m                                                                              [38;2;211;215;224m│[m
[38;2;211;215;224m│[m [38;2;138;144;160mPress i to search GitHub.[m                                                    [38;2;211;215;224m│[m
[38;2;211;215;224m│[m                                                                              [38;2;211;215;224m│[m
[38;2;211;215;224m│[m                                                                              [38;2;211;215;224m│[m
[38;2;211;215;224m│[m                                                                              [38;2;211;215;224m│[m
[38;2;211;215;224m│[m                                                                              [38;2;211;215;224m│[m
[38;2;211;215;224m│[m                                                                              [38;2;211;215;224m│[m
[38;2;211;215;224m│[m                                                                              [38;2;211;215;224m│[m
[38;2;211;215;224m│[m                                                                              [38;2;211;215;224m│[m
[38;2;211;215;224m│[m                                                                              [38;2;211;215;224m│[m
[38;2;211;215;224m│[m                                                                              [38;2;211;215;224m│[m
[38;2;211;215;224m│[m                                                                              [38;2;211;215;224m│[m
[38;2;211;215;224m│[m                                                                              [38;2;211;215;224m│[m
[38;2;211;215;224m│[m                                                                              [38;2;211;215;224m│[m
[38;2;211;215;224m╰──────────────────────────────────────────────────────────────────────────────╯[m