╭─ go.mod ─────────────────────────────────────────────────╮
│ 1 module example.com/x                                   │
│ 2                                                        │
│ 3 go 1.26                                                │
│                                                          │
│                                                          │
│                                                          │
│                                                          │
│                                                          │
│ go.mod                                    line 1/3  100% │
╰──────────────────────────────────────────────────────────╯
 ? help  / search  q close                       github.com 