 [1;38;2;216;220;230mGitHub[m [38;2;160;167;184m@github[m[38;2;107;114;133m · [m[38;2;122;162;247mverified[m[38;2;107;114;133m · [m[38;2;216;220;230mHow people build software[m                                                                  
 [38;2;160;167;184mSan Francisco[m[38;2;107;114;133m · [m[38;2;160;167;184mgithub.com[m[38;2;107;114;133m · [m[38;2;160;167;184msupport@github.com[m[38;2;107;114;133m · [m[38;2;216;220;230m6[m[38;2;160;167;184m repositories[m[38;2;107;114;133m · [m[38;2;216;220;230m41k[m[38;2;160;167;184m followers[m[38;2;107;114;133m · [m[38;2;122;162;247mmember[m                              
[38;2;58;63;77m╭─[m[38;2;160;167;184m[1] Pinned[m[38;2;58;63;77m ──────────────────────────────────────────────────────────────────────────────────────────────────────────╮[m
[38;2;58;63;77m│[m[38;2;107;114;133m▌[m ]8;;https://github.com/github/docs\[1;38;2;216;220;230mgithub/docs[m]8;;\                                                 ]8;;https://github.com/github/gitignore\[1;38;2;216;220;230mgithub/gitignore[m]8;;\                                        [38;2;58;63;77m│[m
[38;2;58;63;77m│[m[38;2;107;114;133m▌[m [38;2;160;167;184mThe open-source repo for docs.github.com[m                    [38;2;160;167;184mA collection of useful .gitignore templates[m             [38;2;58;63;77m│[m
[38;2;58;63;77m│[m[38;2;107;114;133m▌[m                                                                                                                     [38;2;58;63;77m│[m
[38;2;58;63;77m│[m[38;2;107;114;133m▌[m [38;2;49;120;198m[m [38;2;216;220;230mTypeScript[m  [38;2;160;167;184m 17k[m                                         [38;2;160;167;184m 165k[m                                                  [38;2;58;63;77m│[m
[38;2;58;63;77m╰──────────────────────────────────────────────────────────────────────────────────────────────────────────────────────╯[m
[38;2;122;162;247m╭─[m[1;38;2;122;162;247m[2] Members[m[38;2;122;162;247m ───────────────────────────────────────────────────╮[m[38;2;58;63;77m╭─[m[38;2;160;167;184m[3] .github/profile/README.md[m[38;2;58;63;77m ─────────────────────╮[m
[38;2;122;162;247m│[m [38;2;160;167;184mRepositories 6[m  [1;38;2;122;162;247mMembers 5[m  [38;2;160;167;184mTeams 3[m                             [38;2;122;162;247m│[m[38;2;58;63;77m│[m [38;2;216;220;230m[1;38;5;39mWelcome to GitHub[m                                  [38;2;58;63;77m│[m
[38;2;122;162;247m│[m                                                                [38;2;122;162;247m│[m[38;2;58;63;77m│[m [38;2;216;220;230m[m                                                   [38;2;58;63;77m│[m
[38;2;122;162;247m│[m  [38;2;239;125;125m github requires SSO. Run gh auth refresh, then restart gh-t…[m[38;2;122;162;247m│[m[38;2;58;63;77m│[m [38;2;216;220;230mWe build the home for all developers.[m              [38;2;58;63;77m│[m
[38;2;122;162;247m│[m                                                                [38;2;122;162;247m│[m[38;2;58;63;77m│[m [38;2;216;220;230m[m                                                   [38;2;58;63;77m│[m
[38;2;122;162;247m│[m                                                                [38;2;122;162;247m│[m[38;2;58;63;77m│[m [38;2;216;220;230m[38;5;243m🖼 banner[m                                           [38;2;58;63;77m│[m
[38;2;122;162;247m│[m                                                                [38;2;122;162;247m│[m[38;2;58;63;77m│[m [38;2;216;220;230m[4;38;5;212m(https://raw.githubusercontent.com/github/.github/[m [38;2;58;63;77m│[m
[38;2;122;162;247m│[m                                                                [38;2;122;162;247m│[m[38;2;58;63;77m│[m [38;2;216;220;230m[4;38;5;212mHEAD/profile/banner.png)[m                           [38;2;58;63;77m│[m
[38;2;122;162;247m│[m                                                                [38;2;122;162;247m│[m[38;2;58;63;77m│[m                                                    [38;2;58;63;77m│[m
[38;2;122;162;247m│[m                                                                [38;2;122;162;247m│[m[38;2;58;63;77m│[m                                                    [38;2;58;63;77m│[m
[38;2;122;162;247m│[m                                                                [38;2;122;162;247m│[m[38;2;58;63;77m│[m                                                    [38;2;58;63;77m│[m
[38;2;122;162;247m│[m                                                                [38;2;122;162;247m│[m[38;2;58;63;77m│[m                                                    [38;2;58;63;77m│[m
[38;2;122;162;247m│[m                                                                [38;2;122;162;247m│[m[38;2;58;63;77m│[m                                                    [38;2;58;63;77m│[m
[38;2;122;162;247m│[m                                                                [38;2;122;162;247m│[m[38;2;58;63;77m│[m                                                    [38;2;58;63;77m│[m
[38;2;122;162;247m│[m                                                                [38;2;122;162;247m│[m[38;2;58;63;77m│[m                                                    [38;2;58;63;77m│[m
[38;2;122;162;247m│[m                                                                [38;2;122;162;247m│[m[38;2;58;63;77m│[m                                                    [38;2;58;63;77m│[m
[38;2;122;162;247m│[m                                                                [38;2;122;162;247m│[m[38;2;58;63;77m│[m                                                    [38;2;58;63;77m│[m
[38;2;122;162;247m│[m                                                                [38;2;122;162;247m│[m[38;2;58;63;77m│[m                                                    [38;2;58;63;77m│[m
[38;2;122;162;247m│[m                                                                [38;2;122;162;247m│[m[38;2;58;63;77m│[m                                                    [38;2;58;63;77m│[m
[38;2;122;162;247m│[m                                                                [38;2;122;162;247m│[m[38;2;58;63;77m│[m                                                    [38;2;58;63;77m│[m
[38;2;122;162;247m│[m                                                                [38;2;122;162;247m│[m[38;2;58;63;77m│[m                                                    [38;2;58;63;77m│[m
[38;2;122;162;247m│[m                                                                [38;2;122;162;247m│[m[38;2;58;63;77m│[m                                                    [38;2;58;63;77m│[m
[38;2;122;162;247m│[m                                                                [38;2;122;162;247m│[m[38;2;58;63;77m│[m                                                    [38;2;58;63;77m│[m
[38;2;122;162;247m│[m                                                                [38;2;122;162;247m│[m[38;2;58;63;77m│[m                                                    [38;2;58;63;77m│[m
[38;2;122;162;247m│[m                                                                [38;2;122;162;247m│[m[38;2;58;63;77m│[m                                                    [38;2;58;63;77m│[m
[38;2;122;162;247m│[m                                                                [38;2;122;162;247m│[m[38;2;58;63;77m│[m                                                    [38;2;58;63;77m│[m
[38;2;122;162;247m│[m                                                                [38;2;122;162;247m│[m[38;2;58;63;77m│[m                                                    [38;2;58;63;77m│[m
[38;2;122;162;247m│[m                                                                [38;2;122;162;247m│[m[38;2;58;63;77m│[m                                                    [38;2;58;63;77m│[m
[38;2;122;162;247m│[m                                                                [38;2;122;162;247m│[m[38;2;58;63;77m│[m                                                    [38;2;58;63;77m│[m
[38;2;122;162;247m│[m                                                                [38;2;122;162;247m│[m[38;2;58;63;77m│[m                                                    [38;2;58;63;77m│[m
[38;2;122;162;247m│[m                                                                [38;2;122;162;247m│[m[38;2;58;63;77m│[m                                                    [38;2;58;63;77m│[m
[38;2;122;162;247m╰────────────────────────────────────────────────────────────────╯[m[38;2;58;63;77m╰────────────────────────────────────────────────────╯[m