▌ ●─╮   7f3a9c1 Merge pull request #42 from feat/graph o… 2h
  │ ●   e9b8a7f feat: draw lanes hubot                    3h
  ● │   c41d2b0 fix: typo in README monalisa              5h
  │ ●   a1b2c3d feat: lay out lanes hubot                 1d
  ●─┼─╮ 9e8d7c6 Merge branch 'hotfix' octocat             2d
  │ │ ● 0f1e2d3 hotfix: crash on empty repo monalisa      2d
  ●─┴─╯ 5a4b3c2 chore: bump dependencies dependabot       4d
  ●     1234abc Initial commit octocat                    1w
                                                            